Component: ARM Compiler 5.06 update 6 (build 750) Tool: armlink [4d35ed]

==============================================================================

Section Cross References

    thermostatproject.o(i.main) refers to projectmain.o(i.Init) for Init
    thermostatproject.o(i.main) refers to projectmain.o(i.menu) for menu
    projectmain.o(i.Init) refers to adcdatabase.o(i.ADCInit) for ADCInit
    projectmain.o(i.TempReader) refers to _printf_percent.o(.ARM.Collect$$_printf_percent$$00000000) for _printf_percent
    projectmain.o(i.TempReader) refers to _printf_d.o(.ARM.Collect$$_printf_percent$$00000009) for _printf_d
    projectmain.o(i.TempReader) refers to _printf_dec.o(.text) for _printf_int_dec
    projectmain.o(i.TempReader) refers to pow.o(i.__hardfp_pow) for __hardfp_pow
    projectmain.o(i.TempReader) refers to dfix.o(x$fpl$dfix) for __aeabi_d2iz
    projectmain.o(i.TempReader) refers to projectmain.o(i.dprinter) for dprinter
    projectmain.o(i.TempReader) refers to projectmain.o(i.typer) for typer
    projectmain.o(i.TempReader) refers to rt_memcpy_w.o(.text) for __aeabi_memcpy4
    projectmain.o(i.TempReader) refers to atoi.o(.text) for atoi
    projectmain.o(i.TempReader) refers to adcdatabase.o(i.ADCRead) for ADCRead
    projectmain.o(i.TempReader) refers to noretval__2sprintf.o(.text) for __2sprintf
    projectmain.o(i.TempReader) refers to dflt_clz.o(x$fpl$dflt) for __aeabi_i2d
    projectmain.o(i.TempReader) refers to f2d.o(x$fpl$f2d) for __aeabi_f2d
    projectmain.o(i.TempReader) refers to dmul.o(x$fpl$dmul) for __aeabi_dmul
    projectmain.o(i.TempReader) refers to ddiv.o(x$fpl$ddiv) for __aeabi_ddiv
    projectmain.o(i.TempReader) refers to d2f.o(x$fpl$d2f) for __aeabi_d2f
    projectmain.o(i.TempReader) refers to daddsub_clz.o(x$fpl$dadd) for __aeabi_dadd
    projectmain.o(i.menu) refers to _printf_percent.o(.ARM.Collect$$_printf_percent$$00000000) for _printf_percent
    projectmain.o(i.menu) refers to _printf_s.o(.ARM.Collect$$_printf_percent$$00000014) for _printf_s
    projectmain.o(i.menu) refers to _printf_str.o(.text) for _printf_str
    projectmain.o(i.menu) refers to projectmain.o(i.dprinter) for dprinter
    projectmain.o(i.menu) refers to projectmain.o(i.typer) for typer
    projectmain.o(i.menu) refers to rt_memcpy_w.o(.text) for __aeabi_memcpy4
    projectmain.o(i.menu) refers to atoi.o(.text) for atoi
    projectmain.o(i.menu) refers to projectmain.o(i.TempReader) for TempReader
    projectmain.o(i.menu) refers to projectmain.o(i.done) for done
    projectmain.o(i.menu) refers to noretval__2sprintf.o(.text) for __2sprintf
    projectmain.o(i.typer) refers to rt_memcpy_v6.o(.text) for __aeabi_memcpy
    startup_msp432p401r_uvision.o(STACK) refers (Special) to heapauxi.o(.text) for __use_two_region_memory
    startup_msp432p401r_uvision.o(HEAP) refers (Special) to heapauxi.o(.text) for __use_two_region_memory
    startup_msp432p401r_uvision.o(RESET) refers (Special) to heapauxi.o(.text) for __use_two_region_memory
    startup_msp432p401r_uvision.o(RESET) refers to startup_msp432p401r_uvision.o(STACK) for __initial_sp
    startup_msp432p401r_uvision.o(RESET) refers to startup_msp432p401r_uvision.o(.text) for Reset_Handler
    startup_msp432p401r_uvision.o(.text) refers (Special) to heapauxi.o(.text) for __use_two_region_memory
    startup_msp432p401r_uvision.o(.text) refers to system_msp432p401r.o(i.SystemInit) for SystemInit
    startup_msp432p401r_uvision.o(.text) refers to __main.o(!!!main) for __main
    startup_msp432p401r_uvision.o(.text) refers to startup_msp432p401r_uvision.o(HEAP) for Heap_Mem
    startup_msp432p401r_uvision.o(.text) refers to startup_msp432p401r_uvision.o(STACK) for Stack_Mem
    system_msp432p401r.o(i.SystemCoreClockUpdate) refers to system_msp432p401r.o(.data) for SystemCoreClock
    __2sprintf.o(.text) refers to _printf_char_common.o(.text) for _printf_char_common
    __2sprintf.o(.text) refers to _sputc.o(.text) for _sputc
    noretval__2sprintf.o(.text) refers to _printf_char_common.o(.text) for _printf_char_common
    noretval__2sprintf.o(.text) refers to _sputc.o(.text) for _sputc
    __printf.o(.text) refers to _printf_percent.o(.ARM.Collect$$_printf_percent$$00000000) for _printf_percent
    _printf_str.o(.text) refers (Special) to _printf_char.o(.text) for _printf_cs_common
    _printf_dec.o(.text) refers to _printf_intcommon.o(.text) for _printf_int_common
    __printf_flags.o(.text) refers to _printf_percent.o(.ARM.Collect$$_printf_percent$$00000000) for _printf_percent
    __printf_flags.o(.text) refers to __printf_flags.o(.constdata) for .constdata
    __printf_ss.o(.text) refers to _printf_percent.o(.ARM.Collect$$_printf_percent$$00000000) for _printf_percent
    __printf_flags_ss.o(.text) refers to _printf_percent.o(.ARM.Collect$$_printf_percent$$00000000) for _printf_percent
    __printf_flags_ss.o(.text) refers to __printf_flags_ss.o(.constdata) for .constdata
[...]
    __rtentry2.o(.ARM.exidx) refers to __rtentry2.o(.ARM.Collect$$rtentry$$00000001) for .ARM.Collect$$rtentry$$00000001
    __rtentry2.o(.ARM.exidx) refers to __rtentry2.o(.ARM.Collect$$rtentry$$00000008) for .ARM.Collect$$rtentry$$00000008
    __rtentry2.o(.ARM.exidx) refers to __rtentry2.o(.ARM.Collect$$rtentry$$0000000A) for .ARM.Collect$$rtentry$$0000000A
    __rtentry2.o(.ARM.exidx) refers to __rtentry2.o(.ARM.Collect$$rtentry$$0000000B) for .ARM.Collect$$rtentry$$0000000B
    __rtentry2.o(.ARM.exidx) refers to __rtentry2.o(.ARM.Collect$$rtentry$$0000000D) for .ARM.Collect$$rtentry$$0000000D
    __rtentry4.o(.ARM.Collect$$rtentry$$00000004) refers to sys_stackheap_outer.o(.text) for __user_setup_stackheap
    __rtentry4.o(.ARM.exidx) refers to __rtentry4.o(.ARM.Collect$$rtentry$$00000004) for .ARM.Collect$$rtentry$$00000004
    rt_ctype_table.o(.text) refers to rt_locale_intlibspace.o(.text) for __rt_locale
    rt_ctype_table.o(.text) refers to lc_ctype_c.o(locale$$code) for _get_lc_ctype
    _strtoul.o(.text) refers to _chval.o(.text) for _chval
    _strtoul.o(.text) refers to rt_errno_addr_intlibspace.o(.text) for __aeabi_errno_addr
    dcheck1.o(x$fpl$dcheck1) refers (Special) to usenofp.o(x$fpl$usenofp) for __I$use$fp
    dcheck1.o(x$fpl$dcheck1) refers to retnan.o(x$fpl$retnan) for __fpl_return_NaN
    dleqf.o(x$fpl$dleqf) refers (Special) to usenofp.o(x$fpl$usenofp) for __I$use$fp
    dleqf.o(x$fpl$dleqf) refers to dnaninf.o(x$fpl$dnaninf) for __fpl_dnaninf
    dleqf.o(x$fpl$dleqf) refers to dcmpi.o(x$fpl$dcmpinf) for __fpl_dcmp_Inf
    dsqrt_umaal.o(x$fpl$dsqrt) refers (Special) to usenofp.o(x$fpl$usenofp) for __I$use$fp
    dsqrt_umaal.o(x$fpl$dsqrt) refers to dnaninf.o(x$fpl$dnaninf) for __fpl_dnaninf
    sys_stackheap_outer.o(.text) refers to libspace.o(.text) for __user_perproc_libspace
    sys_stackheap_outer.o(.text) refers to startup_msp432p401r_uvision.o(.text) for __user_initial_stackheap
    rt_locale.o(.text) refers to rt_locale.o(.bss) for __rt_locale_data
    rt_locale_intlibspace.o(.text) refers to libspace.o(.bss) for __libspace_start
    lc_ctype_c.o(locale$$data) refers (Special) to libinit2.o(.ARM.Collect$$libinit$$00000012) for __rt_lib_init_lc_ctype_2
    lc_ctype_c.o(locale$$code) refers (Special) to libinit2.o(.ARM.Collect$$libinit$$00000012) for __rt_lib_init_lc_ctype_2
    lc_ctype_c.o(locale$$code) refers to strcmpv7m.o(.text) for strcmp
    lc_ctype_c.o(locale$$code) refers to lc_ctype_c.o(locale$$data) for __lcctype_c_name
    exit.o(.text) refers to rtexit.o(.ARM.Collect$$rtexit$$00000000) for __rt_exit
    libinit.o(.ARM.Collect$$libinit$$00000000) refers (Special) to libinit2.o(.ARM.Collect$$libinit$$0000002E) for __rt_lib_init_alloca_1
    libinit.o(.ARM.Collect$$libinit$$00000000) refers (Special) to libinit2.o(.ARM.Collect$$libinit$$0000002C) for __rt_lib_init_argv_1
    libinit.o(.ARM.Collect$$libinit$$00000000) refers (Special) to libinit2.o(.ARM.Collect$$libinit$$0000001B) for __rt_lib_init_atexit_1
    libinit.o(.ARM.Collect$$libinit$$00000000) refers (Special) to libinit2.o(.ARM.Collect$$libinit$$00000021) for __rt_lib_init_clock_1
    libinit.o(.ARM.Collect$$libinit$$00000000) refers (Special) to libinit2.o(.ARM.Collect$$libinit$$00000032) for __rt_lib_init_cpp_1
    libinit.o(.ARM.Collect$$libinit$$00000000) refers (Special) to libinit2.o(.ARM.Collect$$libinit$$00000030) for __rt_lib_init_exceptions_1
    libinit.o(.ARM.Collect$$libinit$$00000000) refers (Special) to libinit2.o(.ARM.Collect$$libinit$$00000001) for __rt_lib_init_fp_1
    libinit.o(.ARM.Collect$$libinit$$00000000) refers (Special) to libinit2.o(.ARM.Collect$$libinit$$0000001F) for __rt_lib_init_fp_trap_1
    libinit.o(.ARM.Collect$$libinit$$00000000) refers (Special) to libinit2.o(.ARM.Collect$$libinit$$00000023) for __rt_lib_init_getenv_1
    libinit.o(.ARM.Collect$$libinit$$00000000) refers (Special) to libinit2.o(.ARM.Collect$$libinit$$0000000A) for __rt_lib_init_heap_1
    libinit.o(.ARM.Collect$$libinit$$00000000) refers (Special) to libinit2.o(.ARM.Collect$$libinit$$00000011) for __rt_lib_init_lc_collate_1
    libinit.o(.ARM.Collect$$libinit$$00000000) refers (Special) to libinit2.o(.ARM.Collect$$libinit$$00000013) for __rt_lib_init_lc_ctype_1
    libinit.o(.ARM.Collect$$libinit$$00000000) refers (Special) to libinit2.o(.ARM.Collect$$libinit$$00000015) for __rt_lib_init_lc_monetary_1
    libinit.o(.ARM.Collect$$libinit$$00000000) refers (Special) to libinit2.o(.ARM.Collect$$libinit$$00000017) for __rt_lib_init_lc_numeric_1
    libinit.o(.ARM.Collect$$libinit$$00000000) refers (Special) to libinit2.o(.ARM.Collect$$libinit$$00000019) for __rt_lib_init_lc_time_1
    libinit.o(.ARM.Collect$$libinit$$00000000) refers (Special) to libinit2.o(.ARM.Collect$$libinit$$00000004) for __rt_lib_init_preinit_1
    libinit.o(.ARM.Collect$$libinit$$00000000) refers (Special) to libinit2.o(.ARM.Collect$$libinit$$0000000E) for __rt_lib_init_rand_1
    libinit.o(.ARM.Collect$$libinit$$00000000) refers (Special) to libinit2.o(.ARM.Collect$$libinit$$00000033) for __rt_lib_init_return
    libinit.o(.ARM.Collect$$libinit$$00000000) refers (Special) to libinit2.o(.ARM.Collect$$libinit$$0000001D) for __rt_lib_init_signal_1
    libinit.o(.ARM.Collect$$libinit$$00000000) refers (Special) to libinit2.o(.ARM.Collect$$libinit$$00000025) for __rt_lib_init_stdio_1
    libinit.o(.ARM.Collect$$libinit$$00000000) refers (Special) to libinit2.o(.ARM.Collect$$libinit$$0000000C) for __rt_lib_init_user_alloc_1
    dcmpi.o(x$fpl$dcmpinf) refers (Special) to usenofp.o(x$fpl$usenofp) for __I$use$fp
    retnan.o(x$fpl$retnan) refers (Special) to usenofp.o(x$fpl$usenofp) for __I$use$fp
    retnan.o(x$fpl$retnan) refers to trapv.o(x$fpl$trapveneer) for __fpl_cmpreturn
    rtexit.o(.ARM.Collect$$rtexit$$00000000) refers (Special) to rtexit2.o(.ARM.Collect$$rtexit$$00000004) for __rt_exit_exit
    rtexit.o(.ARM.Collect$$rtexit$$00000000) refers (Special) to rtexit2.o(.ARM.Collect$$rtexit$$00000003) for __rt_exit_ls
    rtexit.o(.ARM.Collect$$rtexit$$00000000) refers (Special) to rtexit2.o(.ARM.Collect$$rtexit$$00000002) for __rt_exit_prels_1
    rtexit.o(.ARM.exidx) refers (Special) to rtexit2.o(.ARM.Collect$$rtexit$$00000004) for __rt_exit_exit
    rtexit.o(.ARM.exidx) refers (Special) to rtexit2.o(.ARM.Collect$$rtexit$$00000003) for __rt_exit_ls
    rtexit.o(.ARM.exidx) refers (Special) to rtexit2.o(.ARM.Collect$$rtexit$$00000002) for __rt_exit_prels_1
    rtexit.o(.ARM.exidx) refers to rtexit.o(.ARM.Collect$$rtexit$$00000000) for .ARM.Collect$$rtexit$$00000000
    libinit2.o(.ARM.Collect$$libinit$$00000001) refers to fpinit.o(x$fpl$fpinit) for _fp_init
    libinit2.o(.ARM.Collect$$libinit$$0000000F) refers (Weak) to rt_locale_intlibspace.o(.text) for __rt_locale
    libinit2.o(.ARM.Collect$$libinit$$00000010) refers to libinit2.o(.ARM.Collect$$libinit$$0000000F) for .ARM.Collect$$libinit$$0000000F
    libinit2.o(.ARM.Collect$$libinit$$00000012) refers to libinit2.o(.ARM.Collect$$libinit$$0000000F) for .ARM.Collect$$libinit$$0000000F
    libinit2.o(.ARM.Collect$$libinit$$00000012) refers (Weak) to lc_ctype_c.o(locale$$code) for _get_lc_ctype
    libinit2.o(.ARM.Collect$$libinit$$00000014) refers to libinit2.o(.ARM.Collect$$libinit$$0000000F) for .ARM.Collect$$libinit$$0000000F
    libinit2.o(.ARM.Collect$$libinit$$00000016) refers to libinit2.o(.ARM.Collect$$libinit$$0000000F) for .ARM.Collect$$libinit$$0000000F
    libinit2.o(.ARM.Collect$$libinit$$00000018) refers to libinit2.o(.ARM.Collect$$libinit$$0000000F) for .ARM.Collect$$libinit$$0000000F
    libinit2.o(.ARM.Collect$$libinit$$00000026) refers to argv_veneer.o(.emb_text) for __ARM_argv_veneer
    libinit2.o(.ARM.Collect$$libinit$$00000027) refers to argv_veneer.o(.emb_text) for __ARM_argv_veneer
    trapv.o(x$fpl$trapveneer) refers (Special) to usenofp.o(x$fpl$usenofp) for __I$use$fp
    rtexit2.o(.ARM.Collect$$rtexit$$00000003) refers to libshutdown.o(.ARM.Collect$$libshutdown$$00000000) for __rt_lib_shutdown
    rtexit2.o(.ARM.Collect$$rtexit$$00000004) refers to sys_exit.o(.text) for _sys_exit
    rtexit2.o(.ARM.exidx) refers to rtexit2.o(.ARM.Collect$$rtexit$$00000001) for .ARM.Collect$$rtexit$$00000001
    rtexit2.o(.ARM.exidx) refers to rtexit2.o(.ARM.Collect$$rtexit$$00000003) for .ARM.Collect$$rtexit$$00000003
    rtexit2.o(.ARM.exidx) refers to rtexit2.o(.ARM.Collect$$rtexit$$00000004) for .ARM.Collect$$rtexit$$00000004
    argv_veneer.o(.emb_text) refers to no_argv.o(.text) for __ARM_get_argv
    sys_exit.o(.text) refers (Special) to use_no_semi.o(.text) for __I$use$semihosting
    sys_exit.o(.text) refers (Special) to indicate_semi.o(.text) for __semihosting_library_function
    _get_argv_nomalloc.o(.text) refers (Special) to hrguard.o(.text) for __heap_region$guard
    _get_argv_nomalloc.o(.text) refers to defsig_rtmem_outer.o(.text) for __rt_SIGRTMEM
    _get_argv_nomalloc.o(.text) refers to sys_command.o(.text) for _sys_command_string
    libshutdown.o(.ARM.Collect$$libshutdown$$00000000) refers (Special) to libshutdown2.o(.ARM.Collect$$libshutdown$$00000002) for __rt_lib_shutdown_cpp_1
    libshutdown.o(.ARM.Collect$$libshutdown$$00000000) refers (Special) to libshutdown2.o(.ARM.Collect$$libshutdown$$00000007) for __rt_lib_shutdown_fp_trap_1
    libshutdown.o(.ARM.Collect$$libshutdown$$00000000) refers (Special) to libshutdown2.o(.ARM.Collect$$libshutdown$$0000000F) for __rt_lib_shutdown_heap_1
    libshutdown.o(.ARM.Collect$$libshutdown$$00000000) refers (Special) to libshutdown2.o(.ARM.Collect$$libshutdown$$00000010) for __rt_lib_shutdown_return
    libshutdown.o(.ARM.Collect$$libshutdown$$00000000) refers (Special) to libshutdown2.o(.ARM.Collect$$libshutdown$$0000000A) for __rt_lib_shutdown_signal_1
    libshutdown.o(.ARM.Collect$$libshutdown$$00000000) refers (Special) to libshutdown2.o(.ARM.Collect$$libshutdown$$00000004) for __rt_lib_shutdown_stdio_1
    libshutdown.o(.ARM.Collect$$libshutdown$$00000000) refers (Special) to libshutdown2.o(.ARM.Collect$$libshutdown$$0000000C) for __rt_lib_shutdown_user_alloc_1
    sys_command.o(.text) refers (Special) to use_no_semi.o(.text) for __I$use$semihosting
    sys_command.o(.text) refers (Special) to indicate_semi.o(.text) for __semihosting_library_function
    defsig_rtmem_outer.o(.text) refers to defsig_rtmem_inner.o(.text) for __rt_SIGRTMEM_inner
    defsig_rtmem_outer.o(.text) refers to defsig_exit.o(.text) for __sig_exit
    defsig_rtmem_formal.o(.text) refers to rt_raise.o(.text) for __rt_raise
    rt_raise.o(.text) refers to __raise.o(.text) for __raise
    rt_raise.o(.text) refers to sys_exit.o(.text) for _sys_exit
    defsig_exit.o(.text) refers to sys_exit.o(.text) for _sys_exit
    defsig_rtmem_inner.o(.text) refers to defsig_general.o(.text) for __default_signal_display
    __raise.o(.text) refers to defsig.o(CL$$defsig) for __default_signal_handler
    defsig_general.o(.text) refers to sys_wrch.o(.text) for _ttywrch
    sys_wrch.o(.text) refers (Special) to use_no_semi.o(.text) for __I$use$semihosting
    sys_wrch.o(.text) refers (Special) to indicate_semi.o(.text) for __semihosting_library_function
    defsig.o(CL$$defsig) refers to defsig_rtmem_inner.o(.text) for __rt_SIGRTMEM_inner
    defsig_abrt_inner.o(.text) refers to defsig_general.o(.text) for __default_signal_display
    defsig_fpe_inner.o(.text) refers to defsig_general.o(.text) for __default_signal_display
    defsig_rtred_inner.o(.text) refers to defsig_general.o(.text) for __default_signal_display
    defsig_stak_inner.o(.text) refers to defsig_general.o(.text) for __default_signal_display
    defsig_pvfn_inner.o(.text) refers to defsig_general.o(.text) for __default_signal_display
    defsig_cppl_inner.o(.text) refers to defsig_general.o(.text) for __default_signal_display
    defsig_segv_inner.o(.text) refers to defsig_general.o(.text) for __default_signal_display
    defsig_other.o(.text) refers to defsig_general.o(.text) for __default_signal_display


==============================================================================

Removing Unused input sections from the image.

    Removing thermostatproject.o(.rev16_text), (4 bytes).
    Removing thermostatproject.o(.revsh_text), (4 bytes).
    Removing thermostatproject.o(.rrx_text), (6 bytes).
    Removing projectmain.o(.rev16_text), (4 bytes).
    Removing projectmain.o(.revsh_text), (4 bytes).
    Removing projectmain.o(.rrx_text), (6 bytes).
    Removing projectmain.o(i.systimer), (68 bytes).
    Removing adcdatabase.o(.rev16_text), (4 bytes).
    Removing adcdatabase.o(.revsh_text), (4 bytes).
    Removing adcdatabase.o(.rrx_text), (6 bytes).
    Removing system_msp432p401r.o(.rev16_text), (4 bytes).
    Removing system_msp432p401r.o(.revsh_text), (4 bytes).
    Removing system_msp432p401r.o(.rrx_text), (6 bytes).
    Removing system_msp432p401r.o(i.SystemCoreClockUpdate), (628 bytes).
    Removing system_msp432p401r.o(.data), (4 bytes).

15 unused section(s) (total 756 bytes) removed from the image.

==============================================================================

Image Symbol Table

    Local Symbols

    Symbol Name                              Value     Ov Type        Size  Object(Section)

    RESET                                    0x00000000   Section      324  startup_msp432p401r_uvision.o(RESET)
    ../clib/angel/boardlib.s                 0x00000000   Number         0  boardinit2.o ABSOLUTE
    ../clib/angel/boardlib.s                 0x00000000   Number         0  boardinit3.o ABSOLUTE
    ../clib/angel/boardlib.s                 0x00000000   Number         0  boardshut.o ABSOLUTE
    ../clib/angel/boardlib.s                 0x00000000   Number         0  boardinit1.o ABSOLUTE
    ../clib/angel/handlers.s                 0x00000000   Number         0  __scatter_zi.o ABSOLUTE
    ../clib/angel/kernel.s                   0x00000000   Number         0  rtexit2.o ABSOLUTE
    ../clib/angel/kernel.s                   0x00000000   Number         0  rtexit.o ABSOLUTE
    ../clib/angel/kernel.s                   0x00000000   Number         0  __rtentry2.o ABSOLUTE
    ../clib/angel/kernel.s                   0x00000000   Number         0  __rtentry.o ABSOLUTE
    ../clib/angel/kernel.s                   0x00000000   Number         0  __rtentry4.o ABSOLUTE
    ../clib/angel/rt.s                       0x00000000   Number         0  rt_locale.o ABSOLUTE
    ../clib/angel/rt.s                       0x00000000   Number         0  rt_ctype_table.o ABSOLUTE
    ../clib/angel/rt.s                       0x00000000   Number         0  rt_errno_addr.o ABSOLUTE
    ../clib/angel/rt.s                       0x00000000   Number         0  rt_locale_intlibspace.o ABSOLUTE
    ../clib/angel/rt.s                       0x00000000   Number         0  rt_errno_addr_intlibspace.o ABSOLUTE
    ../clib/angel/rt.s                       0x00000000   Number         0  rt_raise.o ABSOLUTE
    ../clib/angel/scatter.s                  0x00000000   Number         0  __scatter.o ABSOLUTE
    ../clib/angel/startup.s                  0x00000000   Number         0  __main.o ABSOLUTE
    ../clib/angel/sys.s                      0x00000000   Number         0  indicate_semi.o ABSOLUTE
    ../clib/angel/sys.s                      0x00000000   Number         0  libspace.o ABSOLUTE
    ../clib/angel/sys.s                      0x00000000   Number         0  use_no_semi.o ABSOLUTE
    ../clib/angel/sys.s                      0x00000000   Number         0  sys_stackheap_outer.o ABSOLUTE
    ../clib/angel/sysapp.c                   0x00000000   Number         0  sys_command.o ABSOLUTE
    ../clib/angel/sysapp.c                   0x00000000   Number         0  sys_wrch.o ABSOLUTE
    ../clib/angel/sysapp.c                   0x00000000   Number         0  sys_exit.o ABSOLUTE
    ../clib/armsys.c                         0x00000000   Number         0  argv_veneer.o ABSOLUTE
    ../clib/armsys.c                         0x00000000   Number         0  argv_veneer.o ABSOLUTE
    ../clib/armsys.c                         0x00000000   Number         0  no_argv.o ABSOLUTE
    ../clib/armsys.c                         0x00000000   Number         0  _get_argv_nomalloc.o ABSOLUTE
    ../clib/fenv.c                           0x00000000   Number         0  _rserrno.o ABSOLUTE
    ../clib/heapalloc.c                      0x00000000   Number         0  hrguard.o ABSOLUTE
    ../clib/heapaux.c                        0x00000000   Number         0  heapauxi.o ABSOLUTE
    ../clib/libinit.s                        0x00000000   Number         0  libshutdown2.o ABSOLUTE
    ../clib/libinit.s                        0x00000000   Number         0  libinit.o ABSOLUTE
    ../clib/libinit.s                        0x00000000   Number         0  libinit2.o ABSOLUTE
    ../clib/libinit.s                        0x00000000   Number         0  libshutdown.o ABSOLUTE
    ../clib/locale.s                         0x00000000   Number         0  lc_ctype_c.o ABSOLUTE
    ../clib/memcpset.s                       0x00000000   Number         0  strcmpv7m.o ABSOLUTE
    ../clib/memcpset.s                       0x00000000   Number         0  rt_memcpy_v6.o ABSOLUTE
    ../clib/memcpset.s                       0x00000000   Number         0  rt_memcpy_w.o ABSOLUTE
    ../clib/printf.c                         0x00000000   Number         0  __printf_flags_wp.o ABSOLUTE
    ../clib/printf.c                         0x00000000   Number         0  __printf_ss_wp.o ABSOLUTE
    ../clib/printf.c                         0x00000000   Number         0  __printf_flags_ss_wp.o ABSOLUTE
    ../clib/printf.c                         0x00000000   Number         0  __printf_flags_ss.o ABSOLUTE
    ../clib/printf.c                         0x00000000   Number         0  __printf.o ABSOLUTE
    ../clib/printf.c                         0x00000000   Number         0  _printf_char_common.o ABSOLUTE
    ../clib/printf.c                         0x00000000   Number         0  _printf_intcommon.o ABSOLUTE
    ../clib/printf.c                         0x00000000   Number         0  noretval__2sprintf.o ABSOLUTE
    ../clib/printf.c                         0x00000000   Number         0  _sputc.o ABSOLUTE
    ../clib/printf.c                         0x00000000   Number         0  __2sprintf.o ABSOLUTE
    ../clib/printf.c                         0x00000000   Number         0  __printf_nopercent.o ABSOLUTE
    ../clib/printf.c                         0x00000000   Number         0  _printf_str.o ABSOLUTE
    ../clib/printf.c                         0x00000000   Number         0  _printf_dec.o ABSOLUTE
    ../clib/printf.c                         0x00000000   Number         0  _printf_char.o ABSOLUTE
    ../clib/printf.c                         0x00000000   Number         0  __printf_flags.o ABSOLUTE
    ../clib/printf.c                         0x00000000   Number         0  __printf_ss.o ABSOLUTE
    ../clib/printf.c                         0x00000000   Number         0  __printf_wp.o ABSOLUTE
    ../clib/printf_percent.s                 0x00000000   Number         0  _printf_percent.o ABSOLUTE
    ../clib/printf_percent.s                 0x00000000   Number         0  _printf_percent_end.o ABSOLUTE
    ../clib/printf_percent.s                 0x00000000   Number         0  _printf_s.o ABSOLUTE
    ../clib/printf_percent.s                 0x00000000   Number         0  _printf_d.o ABSOLUTE
    ../clib/scanf.c                          0x00000000   Number         0  atoi.o ABSOLUTE
    ../clib/scanf.c                          0x00000000   Number         0  _chval.o ABSOLUTE
    ../clib/scanf.c                          0x00000000   Number         0  _strtoul.o ABSOLUTE
    ../clib/scanf.c                          0x00000000   Number         0  strtol.o ABSOLUTE
    ../clib/signal.c                         0x00000000   Number         0  __raise.o ABSOLUTE
    ../clib/signal.c                         0x00000000   Number         0  defsig_rtmem_inner.o ABSOLUTE
    ../clib/signal.c                         0x00000000   Number         0  defsig_exit.o ABSOLUTE
    ../clib/signal.c                         0x00000000   Number         0  defsig_rtmem_formal.o ABSOLUTE
    ../clib/signal.c                         0x00000000   Number         0  defsig_rtmem_outer.o ABSOLUTE
    ../clib/signal.c                         0x00000000   Number         0  defsig_other.o ABSOLUTE
    ../clib/signal.c                         0x00000000   Number         0  defsig_segv_inner.o ABSOLUTE
    ../clib/signal.c                         0x00000000   Number         0  defsig_cppl_inner.o ABSOLUTE
    ../clib/signal.c                         0x00000000   Number         0  defsig_pvfn_inner.o ABSOLUTE
    ../clib/signal.c                         0x00000000   Number         0  defsig_stak_inner.o ABSOLUTE
    ../clib/signal.c                         0x00000000   Number         0  defsig_rtred_inner.o ABSOLUTE
    ../clib/signal.c                         0x00000000   Number         0  defsig_fpe_inner.o ABSOLUTE
    ../clib/signal.c                         0x00000000   Number         0  defsig_abrt_inner.o ABSOLUTE
    ../clib/signal.c                         0x00000000   Number         0  defsig_general.o ABSOLUTE
    ../clib/signal.s                         0x00000000   Number         0  defsig.o ABSOLUTE
    ../clib/stdlib.c                         0x00000000   Number         0  exit.o ABSOLUTE
    ../fplib/basic.s                         0x00000000   Number         0  basic.o ABSOLUTE
    ../fplib/d2f.s                           0x00000000   Number         0  d2f.o ABSOLUTE
    ../fplib/daddsub.s                       0x00000000   Number         0  daddsub_clz.o ABSOLUTE
    ../fplib/dcheck1.s                       0x00000000   Number         0  dcheck1.o ABSOLUTE
    ../fplib/dcmpi.s                         0x00000000   Number         0  dcmpi.o ABSOLUTE
    ../fplib/ddiv.s                          0x00000000   Number         0  ddiv.o ABSOLUTE
    ../fplib/dfix.s                          0x00000000   Number         0  dfix.o ABSOLUTE
    ../fplib/dflt.s                          0x00000000   Number         0  dflt_clz.o ABSOLUTE
    ../fplib/dleqf.s                         0x00000000   Number         0  dleqf.o ABSOLUTE
    ../fplib/dmul.s                          0x00000000   Number         0  dmul.o ABSOLUTE
    ../fplib/dnaninf.s                       0x00000000   Number         0  dnaninf.o ABSOLUTE
    ../fplib/dretinf.s                       0x00000000   Number         0  dretinf.o ABSOLUTE
    ../fplib/drleqf.s                        0x00000000   Number         0  drleqf.o ABSOLUTE
    ../fplib/dsqrt.s                         0x00000000   Number         0  dsqrt_umaal.o ABSOLUTE
    ../fplib/f2d.s                           0x00000000   Number         0  f2d.o ABSOLUTE
    ../fplib/fnaninf.s                       0x00000000   Number         0  fnaninf.o ABSOLUTE
    ../fplib/fpinit.s                        0x00000000   Number         0  fpinit.o ABSOLUTE
    ../fplib/fretinf.s                       0x00000000   Number         0  fretinf.o ABSOLUTE
    ../fplib/retnan.s                        0x00000000   Number         0  retnan.o ABSOLUTE
    ../fplib/scalbn.s                        0x00000000   Number         0  scalbn.o ABSOLUTE
    ../fplib/trapv.s                         0x00000000   Number         0  trapv.o ABSOLUTE
    ../fplib/usenofp.s                       0x00000000   Number         0  usenofp.o ABSOLUTE
    ../mathlib/dunder.c                      0x00000000   Number         0  dunder.o ABSOLUTE
    ../mathlib/fabs.c                        0x00000000   Number         0  fabs.o ABSOLUTE
    ../mathlib/fpclassify.c                  0x00000000   Number         0  fpclassify.o ABSOLUTE
    ../mathlib/poly.c                        0x00000000   Number         0  poly.o ABSOLUTE
    ../mathlib/pow.c                         0x00000000   Number         0  pow.o ABSOLUTE
    ../mathlib/pow.c                         0x00000000   Number         0  pow_x.o ABSOLUTE
    ../mathlib/qnan.c                        0x00000000   Number         0  qnan.o ABSOLUTE
    ../mathlib/sqrt.c                        0x00000000   Number         0  sqrt_x.o ABSOLUTE
    ../mathlib/sqrt.c                        0x00000000   Number         0  sqrt.o ABSOLUTE
    ADCDatabase.c                            0x00000000   Number         0  adcdatabase.o ABSOLUTE
    ADCDatabase.c                            0x00000000   Number         0  adcdatabase.o ABSOLUTE
    ProjectMain.c                            0x00000000   Number         0  projectmain.o ABSOLUTE
    ProjectMain.c                            0x00000000   Number         0  projectmain.o ABSOLUTE
    RTE\Device\MSP432P401R\startup_msp432p401r_uvision.s 0x00000000   Number         0  startup_msp432p401r_uvision.o ABSOLUTE
    RTE\Device\MSP432P401R\system_msp432p401r.c 0x00000000   Number         0  system_msp432p401r.o ABSOLUTE
    RTE\\Device\\MSP432P401R\\system_msp432p401r.c 0x00000000   Number         0  system_msp432p401r.o ABSOLUTE
    ThermostatProject.c                      0x00000000   Number         0  thermostatproject.o ABSOLUTE
    ThermostatProject.c                      0x00000000   Number         0  thermostatproject.o ABSOLUTE
    dc.s                                     0x00000000   Number         0  dc.o ABSOLUTE
    !!!main                                  0x00000144   Section        8  __main.o(!!!main)
    !!!scatter                               0x0000014c   Section       52  __scatter.o(!!!scatter)
    !!handler_zi                             0x00000180   Section       28  __scatter_zi.o(!!handler_zi)
    .ARM.Collect$$_printf_percent$$00000000  0x0000019c   Section        0  _printf_percent.o(.ARM.Collect$$_printf_percent$$00000000)
    .ARM.Collect$$_printf_percent$$00000009  0x0000019c   Section        6  _printf_d.o(.ARM.Collect$$_printf_percent$$00000009)
    .ARM.Collect$$_printf_percent$$00000014  0x000001a2   Section        6  _printf_s.o(.ARM.Collect$$_printf_percent$$00000014)
    .ARM.Collect$$_printf_percent$$00000017  0x000001a8   Section        4  _printf_percent_end.o(.ARM.Collect$$_printf_percent$$00000017)
    .ARM.Collect$$libinit$$00000000          0x000001ac   Section        2  libinit.o(.ARM.Collect$$libinit$$00000000)
    .ARM.Collect$$libinit$$00000001          0x000001ae   Section        4  libinit2.o(.ARM.Collect$$libinit$$00000001)
    .ARM.Collect$$libinit$$00000004          0x000001b2   Section        0  libinit2.o(.ARM.Collect$$libinit$$00000004)
    .ARM.Collect$$libinit$$0000000A          0x000001b2   Section        0  libinit2.o(.ARM.Collect$$libinit$$0000000A)
    .ARM.Collect$$libinit$$0000000C          0x000001b2   Section        0  libinit2.o(.ARM.Collect$$libinit$$0000000C)
    .ARM.Collect$$libinit$$0000000E          0x000001b2   Section        0  libinit2.o(.ARM.Collect$$libinit$$0000000E)
    .ARM.Collect$$libinit$$0000000F          0x000001b2   Section        6  libinit2.o(.ARM.Collect$$libinit$$0000000F)
    .ARM.Collect$$libinit$$00000011          0x000001b8   Section        0  libinit2.o(.ARM.Collect$$libinit$$00000011)
    .ARM.Collect$$libinit$$00000012          0x000001b8   Section       12  libinit2.o(.ARM.Collect$$libinit$$00000012)
    .ARM.Collect$$libinit$$00000013          0x000001c4   Section        0  libinit2.o(.ARM.Collect$$libinit$$00000013)
    .ARM.Collect$$libinit$$00000015          0x000001c4   Section        0  libinit2.o(.ARM.Collect$$libinit$$00000015)
    .ARM.Collect$$libinit$$00000017          0x000001c4   Section        0  libinit2.o(.ARM.Collect$$libinit$$00000017)
    .ARM.Collect$$libinit$$00000019          0x000001c4   Section        0  libinit2.o(.ARM.Collect$$libinit$$00000019)
    .ARM.Collect$$libinit$$0000001B          0x000001c4   Section        0  libinit2.o(.ARM.Collect$$libinit$$0000001B)
    .ARM.Collect$$libinit$$0000001D          0x000001c4   Section        0  libinit2.o(.ARM.Collect$$libinit$$0000001D)
    .ARM.Collect$$libinit$$0000001F          0x000001c4   Section        0  libinit2.o(.ARM.Collect$$libinit$$0000001F)
    .ARM.Collect$$libinit$$00000021          0x000001c4   Section        0  libinit2.o(.ARM.Collect$$libinit$$00000021)
    .ARM.Collect$$libinit$$00000023          0x000001c4   Section        0  libinit2.o(.ARM.Collect$$libinit$$00000023)
    .ARM.Collect$$libinit$$00000025          0x000001c4   Section        0  libinit2.o(.ARM.Collect$$libinit$$00000025)
    .ARM.Collect$$libinit$$0000002C          0x000001c4   Section        0  libinit2.o(.ARM.Collect$$libinit$$0000002C)
    .ARM.Collect$$libinit$$0000002E          0x000001c4   Section        0  libinit2.o(.ARM.Collect$$libinit$$0000002E)
    .ARM.Collect$$libinit$$00000030          0x000001c4   Section        0  libinit2.o(.ARM.Collect$$libinit$$00000030)
    .ARM.Collect$$libinit$$00000032          0x000001c4   Section        0  libinit2.o(.ARM.Collect$$libinit$$00000032)
    .ARM.Collect$$libinit$$00000033          0x000001c4   Section        2  libinit2.o(.ARM.Collect$$libinit$$00000033)
    .ARM.Collect$$libshutdown$$00000000      0x000001c6   Section        2  libshutdown.o(.ARM.Collect$$libshutdown$$00000000)
    .ARM.Collect$$libshutdown$$00000002      0x000001c8   Section        0  libshutdown2.o(.ARM.Collect$$libshutdown$$00000002)
    .ARM.Collect$$libshutdown$$00000004      0x000001c8   Section        0  libshutdown2.o(.ARM.Collect$$libshutdown$$00000004)
    .ARM.Collect$$libshutdown$$00000007      0x000001c8   Section        0  libshutdown2.o(.ARM.Collect$$libshutdown$$00000007)
    .ARM.Collect$$libshutdown$$0000000A      0x000001c8   Section        0  libshutdown2.o(.ARM.Collect$$libshutdown$$0000000A)
    .ARM.Collect$$libshutdown$$0000000C      0x000001c8   Section        0  libshutdown2.o(.ARM.Collect$$libshutdown$$0000000C)
    .ARM.Collect$$libshutdown$$0000000F      0x000001c8   Section        0  libshutdown2.o(.ARM.Collect$$libshutdown$$0000000F)
    .ARM.Collect$$libshutdown$$00000010      0x000001c8   Section        2  libshutdown2.o(.ARM.Collect$$libshutdown$$00000010)
    .ARM.Collect$$rtentry$$00000000          0x000001ca   Section        0  __rtentry.o(.ARM.Collect$$rtentry$$00000000)
    .ARM.Collect$$rtentry$$00000002          0x000001ca   Section        0  __rtentry2.o(.ARM.Collect$$rtentry$$00000002)
    .ARM.Collect$$rtentry$$00000004          0x000001ca   Section        6  __rtentry4.o(.ARM.Collect$$rtentry$$00000004)
    .ARM.Collect$$rtentry$$00000009          0x000001d0   Section        0  __rtentry2.o(.ARM.Collect$$rtentry$$00000009)
    .ARM.Collect$$rtentry$$0000000A          0x000001d0   Section        4  __rtentry2.o(.ARM.Collect$$rtentry$$0000000A)
    .ARM.Collect$$rtentry$$0000000C          0x000001d4   Section        0  __rtentry2.o(.ARM.Collect$$rtentry$$0000000C)
    .ARM.Collect$$rtentry$$0000000D          0x000001d4   Section        8  __rtentry2.o(.ARM.Collect$$rtentry$$0000000D)
    .ARM.Collect$$rtexit$$00000000           0x000001dc   Section        2  rtexit.o(.ARM.Collect$$rtexit$$00000000)
    .ARM.Collect$$rtexit$$00000002           0x000001de   Section        0  rtexit2.o(.ARM.Collect$$rtexit$$00000002)
    .ARM.Collect$$rtexit$$00000003           0x000001de   Section        4  rtexit2.o(.ARM.Collect$$rtexit$$00000003)
    .ARM.Collect$$rtexit$$00000004           0x000001e2   Section        6  rtexit2.o(.ARM.Collect$$rtexit$$00000004)
    .text                                    0x000001e8   Section       60  startup_msp432p401r_uvision.o(.text)
    $v0                                      0x000001e8   Number         0  startup_msp432p401r_uvision.o(.text)
    .text                                    0x00000224   Section        0  noretval__2sprintf.o(.text)
    .text                                    0x0000024c   Section        0  __printf.o(.text)
    .text                                    0x000002b4   Section        0  _printf_str.o(.text)
    .text                                    0x00000308   Section        0  _printf_dec.o(.text)
    .text                                    0x00000380   Section        0  atoi.o(.text)
    .text                                    0x0000039a   Section      138  rt_memcpy_v6.o(.text)
    .text                                    0x00000424   Section      100  rt_memcpy_w.o(.text)
    .text                                    0x00000488   Section        0  heapauxi.o(.text)
    .text                                    0x00000490   Section        8  rt_errno_addr_intlibspace.o(.text)
    .text                                    0x00000498   Section        0  _rserrno.o(.text)
    .text                                    0x000004ae   Section        0  _printf_intcommon.o(.text)
    .text                                    0x00000560   Section        0  _printf_char_common.o(.text)
    _printf_input_char                       0x00000561   Thumb Code    10  _printf_char_common.o(.text)
    .text                                    0x00000590   Section        0  _sputc.o(.text)
    .text                                    0x0000059a   Section        0  _printf_char.o(.text)
    .text                                    0x000005c6   Section        0  strtol.o(.text)
    .text                                    0x00000638   Section        8  libspace.o(.text)
    .text                                    0x00000640   Section       16  rt_ctype_table.o(.text)
    .text                                    0x00000650   Section        0  _strtoul.o(.text)
    .text                                    0x000006ee   Section       74  sys_stackheap_outer.o(.text)
    .text                                    0x00000738   Section        8  rt_locale_intlibspace.o(.text)
    .text                                    0x00000740   Section        0  _chval.o(.text)
    .text                                    0x0000075c   Section        0  exit.o(.text)
    .text                                    0x00000770   Section      128  strcmpv7m.o(.text)
    .text                                    0x000007f0   Section        0  sys_exit.o(.text)
    .text                                    0x000007fc   Section        2  use_no_semi.o(.text)
    .text                                    0x000007fe   Section        0  indicate_semi.o(.text)
    i.ADCInit                                0x00000800   Section        0  adcdatabase.o(i.ADCInit)
    i.ADCRead                                0x00000858   Section        0  adcdatabase.o(i.ADCRead)
    i.Init                                   0x00000880   Section        0  projectmain.o(i.Init)
    i.SystemInit                             0x00000960   Section        0  system_msp432p401r.o(i.SystemInit)
    i.TempReader                             0x000009cc   Section        0  projectmain.o(i.TempReader)
    i.__ARM_fpclassify                       0x00000bd0   Section        0  fpclassify.o(i.__ARM_fpclassify)
    i.__hardfp_pow                           0x00000c00   Section        0  pow.o(i.__hardfp_pow)
    i.__kernel_poly                          0x00001850   Section        0  poly.o(i.__kernel_poly)
    i.__mathlib_dbl_divzero                  0x00001948   Section        0  dunder.o(i.__mathlib_dbl_divzero)
    i.__mathlib_dbl_infnan2                  0x00001978   Section        0  dunder.o(i.__mathlib_dbl_infnan2)
    i.__mathlib_dbl_invalid                  0x00001990   Section        0  dunder.o(i.__mathlib_dbl_invalid)
    i.__mathlib_dbl_overflow                 0x000019b0   Section        0  dunder.o(i.__mathlib_dbl_overflow)
    i.__mathlib_dbl_underflow                0x000019d0   Section        0  dunder.o(i.__mathlib_dbl_underflow)
    i.done                                   0x000019f0   Section        0  projectmain.o(i.done)
    i.dprinter                               0x000019f4   Section        0  projectmain.o(i.dprinter)
    i.fabs                                   0x00001a44   Section        0  fabs.o(i.fabs)
    i.main                                   0x00001a5c   Section        0  thermostatproject.o(i.main)
    i.menu                                   0x00001a68   Section        0  projectmain.o(i.menu)
    i.sqrt                                   0x00001b0c   Section        0  sqrt.o(i.sqrt)
    i.typer                                  0x00001b7c   Section        0  projectmain.o(i.typer)
    locale$$code                             0x00001c00   Section       44  lc_ctype_c.o(locale$$code)
    x$fpl$basic                              0x00001c2c   Section       24  basic.o(x$fpl$basic)
    $v0                                      0x00001c2c   Number         0  basic.o(x$fpl$basic)
    x$fpl$d2f                                0x00001c44   Section       98  d2f.o(x$fpl$d2f)
    $v0                                      0x00001c44   Number         0  d2f.o(x$fpl$d2f)
    x$fpl$dadd                               0x00001ca8   Section      336  daddsub_clz.o(x$fpl$dadd)
    $v0                                      0x00001ca8   Number         0  daddsub_clz.o(x$fpl$dadd)
    _dadd1                                   0x00001cb9   Thumb Code     0  daddsub_clz.o(x$fpl$dadd)
    x$fpl$dcheck1                            0x00001df8   Section       16  dcheck1.o(x$fpl$dcheck1)
    $v0                                      0x00001df8   Number         0  dcheck1.o(x$fpl$dcheck1)
    x$fpl$dcmpinf                            0x00001e08   Section       24  dcmpi.o(x$fpl$dcmpinf)
    $v0                                      0x00001e08   Number         0  dcmpi.o(x$fpl$dcmpinf)
    x$fpl$ddiv                               0x00001e20   Section      688  ddiv.o(x$fpl$ddiv)
    $v0                                      0x00001e20   Number         0  ddiv.o(x$fpl$ddiv)
    ddiv_entry                               0x00001e27   Thumb Code     0  ddiv.o(x$fpl$ddiv)
    x$fpl$dfix                               0x000020d0   Section       94  dfix.o(x$fpl$dfix)
    $v0                                      0x000020d0   Number         0  dfix.o(x$fpl$dfix)
    x$fpl$dflt                               0x0000212e   Section       46  dflt_clz.o(x$fpl$dflt)
    $v0                                      0x0000212e   Number         0  dflt_clz.o(x$fpl$dflt)
    x$fpl$dleqf                              0x0000215c   Section      120  dleqf.o(x$fpl$dleqf)
    $v0                                      0x0000215c   Number         0  dleqf.o(x$fpl$dleqf)
    x$fpl$dmul                               0x000021d4   Section      340  dmul.o(x$fpl$dmul)
    $v0                                      0x000021d4   Number         0  dmul.o(x$fpl$dmul)
    x$fpl$dnaninf                            0x00002328   Section      156  dnaninf.o(x$fpl$dnaninf)
    $v0                                      0x00002328   Number         0  dnaninf.o(x$fpl$dnaninf)
    x$fpl$dretinf                            0x000023c4   Section       12  dretinf.o(x$fpl$dretinf)
    $v0                                      0x000023c4   Number         0  dretinf.o(x$fpl$dretinf)
    x$fpl$drleqf                             0x000023d0   Section      108  drleqf.o(x$fpl$drleqf)
    $v0                                      0x000023d0   Number         0  drleqf.o(x$fpl$drleqf)
    x$fpl$drsb                               0x0000243c   Section       22  daddsub_clz.o(x$fpl$drsb)
    $v0                                      0x0000243c   Number         0  daddsub_clz.o(x$fpl$drsb)
    x$fpl$dsqrt                              0x00002454   Section      408  dsqrt_umaal.o(x$fpl$dsqrt)
    $v0                                      0x00002454   Number         0  dsqrt_umaal.o(x$fpl$dsqrt)
    x$fpl$dsub                               0x000025ec   Section      468  daddsub_clz.o(x$fpl$dsub)
    $v0                                      0x000025ec   Number         0  daddsub_clz.o(x$fpl$dsub)
    _dsub1                                   0x000025fd   Thumb Code     0  daddsub_clz.o(x$fpl$dsub)
    x$fpl$f2d                                0x000027c0   Section       86  f2d.o(x$fpl$f2d)
    $v0                                      0x000027c0   Number         0  f2d.o(x$fpl$f2d)
    x$fpl$fnaninf                            0x00002816   Section      140  fnaninf.o(x$fpl$fnaninf)
    $v0                                      0x00002816   Number         0  fnaninf.o(x$fpl$fnaninf)
    x$fpl$fpinit                             0x000028a2   Section       10  fpinit.o(x$fpl$fpinit)
    $v0                                      0x000028a2   Number         0  fpinit.o(x$fpl$fpinit)
    x$fpl$fretinf                            0x000028ac   Section       10  fretinf.o(x$fpl$fretinf)
    $v0                                      0x000028ac   Number         0  fretinf.o(x$fpl$fretinf)
    x$fpl$retnan                             0x000028b6   Section      100  retnan.o(x$fpl$retnan)
    $v0                                      0x000028b6   Number         0  retnan.o(x$fpl$retnan)
    x$fpl$scalbn                             0x0000291a   Section       92  scalbn.o(x$fpl$scalbn)
    $v0                                      0x0000291a   Number         0  scalbn.o(x$fpl$scalbn)
    x$fpl$trapveneer                         0x00002976   Section       48  trapv.o(x$fpl$trapveneer)
    $v0                                      0x00002976   Number         0  trapv.o(x$fpl$trapveneer)
    x$fpl$usenofp                            0x000029a6   Section        0  usenofp.o(x$fpl$usenofp)
    .constdata                               0x000029a8   Section      136  pow.o(.constdata)
    bp                                       0x000029a8   Data          16  pow.o(.constdata)
    dp_h                                     0x000029b8   Data          16  pow.o(.constdata)
    dp_l                                     0x000029c8   Data          16  pow.o(.constdata)
    L                                        0x000029d8   Data          48  pow.o(.constdata)
    P                                        0x00002a08   Data          40  pow.o(.constdata)
    .constdata                               0x00002a30   Section        8  qnan.o(.constdata)
    locale$$data                             0x00002a48   Section      272  lc_ctype_c.o(locale$$data)
    __lcctype_c_name                         0x00002a4c   Data           2  lc_ctype_c.o(locale$$data)
    __lcctype_c_start                        0x00002a54   Data           0  lc_ctype_c.o(locale$$data)
    __lcctype_c_end                          0x00002b58   Data           0  lc_ctype_c.o(locale$$data)
    .bss                                     0x20000000   Section       96  libspace.o(.bss)
    HEAP                                     0x20000060   Section        0  startup_msp432p401r_uvision.o(HEAP)
    STACK                                    0x20000060   Section      512  startup_msp432p401r_uvision.o(STACK)
    Heap_Mem                                 0x20000060   Data           0  startup_msp432p401r_uvision.o(HEAP)
    Stack_Mem                                0x20000060   Data         512  startup_msp432p401r_uvision.o(STACK)
    __initial_sp                             0x20000260   Data           0  startup_msp432p401r_uvision.o(STACK)

    Global Symbols

    Symbol Name                              Value     Ov Type        Size  Object(Section)

    BuildAttributes$$THM_ISAv4$E$P$D$K$B$S$7EM$VFPi3$EXTD16$VFPS$VFMA$PE$A:L22UL41UL21$X:L11$S22US41US21$IEEE1$IW$USESV6$~STKCKD$USESV7$~SHL$OTIME$ROPI$IEEEX$EBA8$UX$STANDARDLIB$REQ8$PRES8$EABIv2 0x00000000   Number         0  anon$$obj.o ABSOLUTE
    __ARM_use_no_argv                        0x00000000   Number         0  thermostatproject.o ABSOLUTE
    __Vectors                                0x00000000   Data           4  startup_msp432p401r_uvision.o(RESET)
    __ARM_exceptions_init                     - Undefined Weak Reference
    __alloca_initialize                       - Undefined Weak Reference
    __arm_preinit_                            - Undefined Weak Reference
    __cpp_initialize__aeabi_                  - Undefined Weak Reference
    __cxa_finalize                            - Undefined Weak Reference
    __sigvec_lookup                           - Undefined Weak Reference
    _atexit_init                              - Undefined Weak Reference
    _call_atexit_fns                          - Undefined Weak Reference
    _clock_init                               - Undefined Weak Reference
    _fp_trap_init                             - Undefined Weak Reference
    _fp_trap_shutdown                         - Undefined Weak Reference
    _get_lc_collate                           - Undefined Weak Reference
    _get_lc_monetary                          - Undefined Weak Reference
    _get_lc_numeric                           - Undefined Weak Reference
    _get_lc_time                              - Undefined Weak Reference
    _getenv_init                              - Undefined Weak Reference
    _handle_redirection                       - Undefined Weak Reference
    _init_alloc                               - Undefined Weak Reference
    _init_user_alloc                          - Undefined Weak Reference
    _initio                                   - Undefined Weak Reference
    _printf_mbtowc                            - Undefined Weak Reference
    _printf_post_padding                      - Undefined Weak Reference
    _printf_pre_padding                       - Undefined Weak Reference
    _printf_truncate_signed                   - Undefined Weak Reference
    _printf_truncate_unsigned                 - Undefined Weak Reference
    _rand_init                                - Undefined Weak Reference
    _signal_finish                            - Undefined Weak Reference
    _signal_init                              - Undefined Weak Reference
    _terminate_alloc                          - Undefined Weak Reference
    _terminate_user_alloc                     - Undefined Weak Reference
    _terminateio                              - Undefined Weak Reference
    __Vectors_End                            0x00000144   Data           0  startup_msp432p401r_uvision.o(RESET)
    __Vectors_Size                           0x00000144   Number         0  startup_msp432p401r_uvision.o ABSOLUTE
    __main                                   0x00000145   Thumb Code     8  __main.o(!!!main)
    __scatterload                            0x0000014d   Thumb Code     0  __scatter.o(!!!scatter)
    __scatterload_rt2                        0x0000014d   Thumb Code    44  __scatter.o(!!!scatter)
    __scatterload_rt2_thumb_only             0x0000014d   Thumb Code     0  __scatter.o(!!!scatter)
    __scatterload_null                       0x0000015b   Thumb Code     0  __scatter.o(!!!scatter)
    __scatterload_zeroinit                   0x00000181   Thumb Code    28  __scatter_zi.o(!!handler_zi)
    _printf_d                                0x0000019d   Thumb Code     0  _printf_d.o(.ARM.Collect$$_printf_percent$$00000009)
    _printf_percent                          0x0000019d   Thumb Code     0  _printf_percent.o(.ARM.Collect$$_printf_percent$$00000000)
    _printf_s                                0x000001a3   Thumb Code     0  _printf_s.o(.ARM.Collect$$_printf_percent$$00000014)
    _printf_percent_end                      0x000001a9   Thumb Code     0  _printf_percent_end.o(.ARM.Collect$$_printf_percent$$00000017)
    __rt_lib_init                            0x000001ad   Thumb Code     0  libinit.o(.ARM.Collect$$libinit$$00000000)
    __rt_lib_init_fp_1                       0x000001af   Thumb Code     0  libinit2.o(.ARM.Collect$$libinit$$00000001)
    __rt_lib_init_heap_1                     0x000001b3   Thumb Code     0  libinit2.o(.ARM.Collect$$libinit$$0000000A)
    __rt_lib_init_lc_common                  0x000001b3   Thumb Code     0  libinit2.o(.ARM.Collect$$libinit$$0000000F)
    __rt_lib_init_preinit_1                  0x000001b3   Thumb Code     0  libinit2.o(.ARM.Collect$$libinit$$00000004)
    __rt_lib_init_rand_1                     0x000001b3   Thumb Code     0  libinit2.o(.ARM.Collect$$libinit$$0000000E)
    __rt_lib_init_user_alloc_1               0x000001b3   Thumb Code     0  libinit2.o(.ARM.Collect$$libinit$$0000000C)
    __rt_lib_init_lc_collate_1               0x000001b9   Thumb Code     0  libinit2.o(.ARM.Collect$$libinit$$00000011)
    __rt_lib_init_lc_ctype_2                 0x000001b9   Thumb Code     0  libinit2.o(.ARM.Collect$$libinit$$00000012)
    __rt_lib_init_alloca_1                   0x000001c5   Thumb Code     0  libinit2.o(.ARM.Collect$$libinit$$0000002E)
    __rt_lib_init_argv_1                     0x000001c5   Thumb Code     0  libinit2.o(.ARM.Collect$$libinit$$0000002C)
    __rt_lib_init_atexit_1                   0x000001c5   Thumb Code     0  libinit2.o(.ARM.Collect$$libinit$$0000001B)
    __rt_lib_init_clock_1                    0x000001c5   Thumb Code     0  libinit2.o(.ARM.Collect$$libinit$$00000021)
    __rt_lib_init_cpp_1                      0x000001c5   Thumb Code     0  libinit2.o(.ARM.Collect$$libinit$$00000032)
    __rt_lib_init_exceptions_1               0x000001c5   Thumb Code     0  libinit2.o(.ARM.Collect$$libinit$$00000030)
    __rt_lib_init_fp_trap_1                  0x000001c5   Thumb Code     0  libinit2.o(.ARM.Collect$$libinit$$0000001F)
    __rt_lib_init_getenv_1                   0x000001c5   Thumb Code     0  libinit2.o(.ARM.Collect$$libinit$$00000023)
    __rt_lib_init_lc_ctype_1                 0x000001c5   Thumb Code     0  libinit2.o(.ARM.Collect$$libinit$$00000013)
    __rt_lib_init_lc_monetary_1              0x000001c5   Thumb Code     0  libinit2.o(.ARM.Collect$$libinit$$00000015)
    __rt_lib_init_lc_numeric_1               0x000001c5   Thumb Code     0  libinit2.o(.ARM.Collect$$libinit$$00000017)
    __rt_lib_init_lc_time_1                  0x000001c5   Thumb Code     0  libinit2.o(.ARM.Collect$$libinit$$00000019)
    __rt_lib_init_return                     0x000001c5   Thumb Code     0  libinit2.o(.ARM.Collect$$libinit$$00000033)
    __rt_lib_init_signal_1                   0x000001c5   Thumb Code     0  libinit2.o(.ARM.Collect$$libinit$$0000001D)
    __rt_lib_init_stdio_1                    0x000001c5   Thumb Code     0  libinit2.o(.ARM.Collect$$libinit$$00000025)
    __rt_lib_shutdown                        0x000001c7   Thumb Code     0  libshutdown.o(.ARM.Collect$$libshutdown$$00000000)
    __rt_lib_shutdown_cpp_1                  0x000001c9   Thumb Code     0  libshutdown2.o(.ARM.Collect$$libshutdown$$00000002)
    __rt_lib_shutdown_fp_trap_1              0x000001c9   Thumb Code     0  libshutdown2.o(.ARM.Collect$$libshutdown$$00000007)
    __rt_lib_shutdown_heap_1                 0x000001c9   Thumb Code     0  libshutdown2.o(.ARM.Collect$$libshutdown$$0000000F)
    __rt_lib_shutdown_return                 0x000001c9   Thumb Code     0  libshutdown2.o(.ARM.Collect$$libshutdown$$00000010)
    __rt_lib_shutdown_signal_1               0x000001c9   Thumb Code     0  libshutdown2.o(.ARM.Collect$$libshutdown$$0000000A)
    __rt_lib_shutdown_stdio_1                0x000001c9   Thumb Code     0  libshutdown2.o(.ARM.Collect$$libshutdown$$00000004)
    __rt_lib_shutdown_user_alloc_1           0x000001c9   Thumb Code     0  libshutdown2.o(.ARM.Collect$$libshutdown$$0000000C)
    __rt_entry                               0x000001cb   Thumb Code     0  __rtentry.o(.ARM.Collect$$rtentry$$00000000)
    __rt_entry_presh_1                       0x000001cb   Thumb Code     0  __rtentry2.o(.ARM.Collect$$rtentry$$00000002)
    __rt_entry_sh                            0x000001cb   Thumb Code     0  __rtentry4.o(.ARM.Collect$$rtentry$$00000004)
    __rt_entry_li                            0x000001d1   Thumb Code     0  __rtentry2.o(.ARM.Collect$$rtentry$$0000000A)
    __rt_entry_postsh_1                      0x000001d1   Thumb Code     0  __rtentry2.o(.ARM.Collect$$rtentry$$00000009)
    __rt_entry_main                          0x000001d5   Thumb Code     0  __rtentry2.o(.ARM.Collect$$rtentry$$0000000D)
    __rt_entry_postli_1                      0x000001d5   Thumb Code     0  __rtentry2.o(.ARM.Collect$$rtentry$$0000000C)
    __rt_exit                                0x000001dd   Thumb Code     0  rtexit.o(.ARM.Collect$$rtexit$$00000000)
    __rt_exit_ls                             0x000001df   Thumb Code     0  rtexit2.o(.ARM.Collect$$rtexit$$00000003)
    __rt_exit_prels_1                        0x000001df   Thumb Code     0  rtexit2.o(.ARM.Collect$$rtexit$$00000002)
    __rt_exit_exit                           0x000001e3   Thumb Code     0  rtexit2.o(.ARM.Collect$$rtexit$$00000004)
    Reset_Handler                            0x000001e9   Thumb Code     8  startup_msp432p401r_uvision.o(.text)
    NMI_Handler                              0x000001f1   Thumb Code     2  startup_msp432p401r_uvision.o(.text)
    HardFault_Handler                        0x000001f3   Thumb Code     2  startup_msp432p401r_uvision.o(.text)
    MemManage_Handler                        0x000001f5   Thumb Code     2  startup_msp432p401r_uvision.o(.text)
    BusFault_Handler                         0x000001f7   Thumb Code     2  startup_msp432p401r_uvision.o(.text)
    UsageFault_Handler                       0x000001f9   Thumb Code     2  startup_msp432p401r_uvision.o(.text)
    SVC_Handler                              0x000001fb   Thumb Code     2  startup_msp432p401r_uvision.o(.text)
    DebugMon_Handler                         0x000001fd   Thumb Code     2  startup_msp432p401r_uvision.o(.text)
    PendSV_Handler                           0x000001ff   Thumb Code     2  startup_msp432p401r_uvision.o(.text)
    SysTick_Handler                          0x00000201   Thumb Code     2  startup_msp432p401r_uvision.o(.text)
    ADC14_IRQHandler                         0x00000203   Thumb Code     0  startup_msp432p401r_uvision.o(.text)
    AES256_IRQHandler                        0x00000203   Thumb Code     0  startup_msp432p401r_uvision.o(.text)
    COMP_E0_IRQHandler                       0x00000203   Thumb Code     0  startup_msp432p401r_uvision.o(.text)
    COMP_E1_IRQHandler                       0x00000203   Thumb Code     0  startup_msp432p401r_uvision.o(.text)
    CS_IRQHandler                            0x00000203   Thumb Code     0  startup_msp432p401r_uvision.o(.text)
    DMA_ERR_IRQHandler                       0x00000203   Thumb Code     0  startup_msp432p401r_uvision.o(.text)
    DMA_INT0_IRQHandler                      0x00000203   Thumb Code     0  startup_msp432p401r_uvision.o(.text)
    DMA_INT1_IRQHandler                      0x00000203   Thumb Code     0  startup_msp432p401r_uvision.o(.text)
    DMA_INT2_IRQHandler                      0x00000203   Thumb Code     0  startup_msp432p401r_uvision.o(.text)
    DMA_INT3_IRQHandler                      0x00000203   Thumb Code     0  startup_msp432p401r_uvision.o(.text)
    EUSCIA0_IRQHandler                       0x00000203   Thumb Code     0  startup_msp432p401r_uvision.o(.text)
    EUSCIA1_IRQHandler                       0x00000203   Thumb Code     0  startup_msp432p401r_uvision.o(.text)
    EUSCIA2_IRQHandler                       0x00000203   Thumb Code     0  startup_msp432p401r_uvision.o(.text)
    EUSCIA3_IRQHandler                       0x00000203   Thumb Code     0  startup_msp432p401r_uvision.o(.text)
    EUSCIB0_IRQHandler                       0x00000203   Thumb Code     0  startup_msp432p401r_uvision.o(.text)
    EUSCIB1_IRQHandler                       0x00000203   Thumb Code     0  startup_msp432p401r_uvision.o(.text)
    EUSCIB2_IRQHandler                       0x00000203   Thumb Code     0  startup_msp432p401r_uvision.o(.text)
    EUSCIB3_IRQHandler                       0x00000203   Thumb Code     0  startup_msp432p401r_uvision.o(.text)
    FLCTL_IRQHandler                         0x00000203   Thumb Code     0  startup_msp432p401r_uvision.o(.text)
    FPU_IRQHandler                           0x00000203   Thumb Code     0  startup_msp432p401r_uvision.o(.text)
    PCM_IRQHandler                           0x00000203   Thumb Code     0  startup_msp432p401r_uvision.o(.text)
    PORT1_IRQHandler                         0x00000203   Thumb Code     0  startup_msp432p401r_uvision.o(.text)
    PORT2_IRQHandler                         0x00000203   Thumb Code     0  startup_msp432p401r_uvision.o(.text)
    PORT3_IRQHandler                         0x00000203   Thumb Code     0  startup_msp432p401r_uvision.o(.text)
    PORT4_IRQHandler                         0x00000203   Thumb Code     0  startup_msp432p401r_uvision.o(.text)
    PORT5_IRQHandler                         0x00000203   Thumb Code     0  startup_msp432p401r_uvision.o(.text)
    PORT6_IRQHandler                         0x00000203   Thumb Code     0  startup_msp432p401r_uvision.o(.text)
    PSS_IRQHandler                           0x00000203   Thumb Code     0  startup_msp432p401r_uvision.o(.text)
    RTC_C_IRQHandler                         0x00000203   Thumb Code     0  startup_msp432p401r_uvision.o(.text)
    T32_INT1_IRQHandler                      0x00000203   Thumb Code     0  startup_msp432p401r_uvision.o(.text)
    T32_INT2_IRQHandler                      0x00000203   Thumb Code     0  startup_msp432p401r_uvision.o(.text)
    T32_INTC_IRQHandler                      0x00000203   Thumb Code     0  startup_msp432p401r_uvision.o(.text)
    TA0_0_IRQHandler                         0x00000203   Thumb Code     0  startup_msp432p401r_uvision.o(.text)
    TA0_N_IRQHandler                         0x00000203   Thumb Code     0  startup_msp432p401r_uvision.o(.text)
    TA1_0_IRQHandler                         0x00000203   Thumb Code     0  startup_msp432p401r_uvision.o(.text)
    TA1_N_IRQHandler                         0x00000203   Thumb Code     0  startup_msp432p401r_uvision.o(.text)
    TA2_0_IRQHandler                         0x00000203   Thumb Code     0  startup_msp432p401r_uvision.o(.text)
    TA2_N_IRQHandler                         0x00000203   Thumb Code     0  startup_msp432p401r_uvision.o(.text)
    TA3_0_IRQHandler                         0x00000203   Thumb Code     0  startup_msp432p401r_uvision.o(.text)
    TA3_N_IRQHandler                         0x00000203   Thumb Code     0  startup_msp432p401r_uvision.o(.text)
    WDT_A_IRQHandler                         0x00000203   Thumb Code     0  startup_msp432p401r_uvision.o(.text)
    __user_initial_stackheap                 0x00000205   Thumb Code    10  startup_msp432p401r_uvision.o(.text)
    __2sprintf                               0x00000225   Thumb Code    34  noretval__2sprintf.o(.text)
    __printf                                 0x0000024d   Thumb Code   104  __printf.o(.text)
    _printf_str                              0x000002b5   Thumb Code    82  _printf_str.o(.text)
    _printf_int_dec                          0x00000309   Thumb Code   104  _printf_dec.o(.text)
    atoi                                     0x00000381   Thumb Code    26  atoi.o(.text)
    __aeabi_memcpy                           0x0000039b   Thumb Code     0  rt_memcpy_v6.o(.text)
    __rt_memcpy                              0x0000039b   Thumb Code   138  rt_memcpy_v6.o(.text)
    _memcpy_lastbytes                        0x00000401   Thumb Code     0  rt_memcpy_v6.o(.text)
    __aeabi_memcpy4                          0x00000425   Thumb Code     0  rt_memcpy_w.o(.text)
    __aeabi_memcpy8                          0x00000425   Thumb Code     0  rt_memcpy_w.o(.text)
    __rt_memcpy_w                            0x00000425   Thumb Code   100  rt_memcpy_w.o(.text)
    _memcpy_lastbytes_aligned                0x0000046d   Thumb Code     0  rt_memcpy_w.o(.text)
    __use_two_region_memory                  0x00000489   Thumb Code     2  heapauxi.o(.text)
    __rt_heap_escrow$2region                 0x0000048b   Thumb Code     2  heapauxi.o(.text)
    __rt_heap_expand$2region                 0x0000048d   Thumb Code     2  heapauxi.o(.text)
    __aeabi_errno_addr                       0x00000491   Thumb Code     8  rt_errno_addr_intlibspace.o(.text)
    __errno$intlibspace                      0x00000491   Thumb Code     0  rt_errno_addr_intlibspace.o(.text)
    __rt_errno_addr$intlibspace              0x00000491   Thumb Code     0  rt_errno_addr_intlibspace.o(.text)
    __read_errno                             0x00000499   Thumb Code    10  _rserrno.o(.text)
    __set_errno                              0x000004a3   Thumb Code    12  _rserrno.o(.text)
    _printf_int_common                       0x000004af   Thumb Code   178  _printf_intcommon.o(.text)
    _printf_char_common                      0x0000056b   Thumb Code    32  _printf_char_common.o(.text)
    _sputc                                   0x00000591   Thumb Code    10  _sputc.o(.text)
    _printf_cs_common                        0x0000059b   Thumb Code    20  _printf_char.o(.text)
    _printf_char                             0x000005af   Thumb Code    16  _printf_char.o(.text)
    _printf_string                           0x000005bf   Thumb Code     8  _printf_char.o(.text)
    strtol                                   0x000005c7   Thumb Code   112  strtol.o(.text)
    __user_libspace                          0x00000639   Thumb Code     8  libspace.o(.text)
    __user_perproc_libspace                  0x00000639   Thumb Code     0  libspace.o(.text)
    __user_perthread_libspace                0x00000639   Thumb Code     0  libspace.o(.text)
    __rt_ctype_table                         0x00000641   Thumb Code    16  rt_ctype_table.o(.text)
    _strtoul                                 0x00000651   Thumb Code   158  _strtoul.o(.text)
    __user_setup_stackheap                   0x000006ef   Thumb Code    74  sys_stackheap_outer.o(.text)
    __rt_locale                              0x00000739   Thumb Code     8  rt_locale_intlibspace.o(.text)
    _chval                                   0x00000741   Thumb Code    28  _chval.o(.text)
    exit                                     0x0000075d   Thumb Code    18  exit.o(.text)
    strcmp                                   0x00000771   Thumb Code   128  strcmpv7m.o(.text)
    _sys_exit                                0x000007f1   Thumb Code     8  sys_exit.o(.text)
    __I$use$semihosting                      0x000007fd   Thumb Code     0  use_no_semi.o(.text)
    __use_no_semihosting_swi                 0x000007fd   Thumb Code     2  use_no_semi.o(.text)
    __semihosting_library_function           0x000007ff   Thumb Code     0  indicate_semi.o(.text)
    ADCInit                                  0x00000801   Thumb Code    76  adcdatabase.o(i.ADCInit)
    ADCRead                                  0x00000859   Thumb Code    32  adcdatabase.o(i.ADCRead)
    Init                                     0x00000881   Thumb Code   210  projectmain.o(i.Init)
    SystemInit                               0x00000961   Thumb Code    86  system_msp432p401r.o(i.SystemInit)
    TempReader                               0x000009cd   Thumb Code   348  projectmain.o(i.TempReader)
    __ARM_fpclassify                         0x00000bd1   Thumb Code    48  fpclassify.o(i.__ARM_fpclassify)
    __hardfp_pow                             0x00000c01   Thumb Code  3072  pow.o(i.__hardfp_pow)
    __kernel_poly                            0x00001851   Thumb Code   248  poly.o(i.__kernel_poly)
    __mathlib_dbl_divzero                    0x00001949   Thumb Code    28  dunder.o(i.__mathlib_dbl_divzero)
    __mathlib_dbl_infnan2                    0x00001979   Thumb Code    20  dunder.o(i.__mathlib_dbl_infnan2)
    __mathlib_dbl_invalid                    0x00001991   Thumb Code    24  dunder.o(i.__mathlib_dbl_invalid)
    __mathlib_dbl_overflow                   0x000019b1   Thumb Code    24  dunder.o(i.__mathlib_dbl_overflow)
    __mathlib_dbl_underflow                  0x000019d1   Thumb Code    24  dunder.o(i.__mathlib_dbl_underflow)
    done                                     0x000019f1   Thumb Code     4  projectmain.o(i.done)
    dprinter                                 0x000019f5   Thumb Code    74  projectmain.o(i.dprinter)
    fabs                                     0x00001a45   Thumb Code    24  fabs.o(i.fabs)
    main                                     0x00001a5d   Thumb Code    12  thermostatproject.o(i.main)
    menu                                     0x00001a69   Thumb Code    86  projectmain.o(i.menu)
    sqrt                                     0x00001b0d   Thumb Code   110  sqrt.o(i.sqrt)
    typer                                    0x00001b7d   Thumb Code   126  projectmain.o(i.typer)
    _get_lc_ctype                            0x00001c01   Thumb Code    44  lc_ctype_c.o(locale$$code)
    __aeabi_dneg                             0x00001c2d   Thumb Code     0  basic.o(x$fpl$basic)
    _dneg                                    0x00001c2d   Thumb Code     6  basic.o(x$fpl$basic)
    __aeabi_fneg                             0x00001c33   Thumb Code     0  basic.o(x$fpl$basic)
    _fneg                                    0x00001c33   Thumb Code     6  basic.o(x$fpl$basic)
    _dabs                                    0x00001c39   Thumb Code     6  basic.o(x$fpl$basic)
    _fabs                                    0x00001c3f   Thumb Code     6  basic.o(x$fpl$basic)
    __aeabi_d2f                              0x00001c45   Thumb Code     0  d2f.o(x$fpl$d2f)
    _d2f                                     0x00001c45   Thumb Code    98  d2f.o(x$fpl$d2f)
    __aeabi_dadd                             0x00001ca9   Thumb Code     0  daddsub_clz.o(x$fpl$dadd)
    _dadd                                    0x00001ca9   Thumb Code   332  daddsub_clz.o(x$fpl$dadd)
    __fpl_dcheck_NaN1                        0x00001df9   Thumb Code    10  dcheck1.o(x$fpl$dcheck1)
    __fpl_dcmp_Inf                           0x00001e09   Thumb Code    24  dcmpi.o(x$fpl$dcmpinf)
    __aeabi_ddiv                             0x00001e21   Thumb Code     0  ddiv.o(x$fpl$ddiv)
    _ddiv                                    0x00001e21   Thumb Code   552  ddiv.o(x$fpl$ddiv)
    __aeabi_d2iz                             0x000020d1   Thumb Code     0  dfix.o(x$fpl$dfix)
    _dfix                                    0x000020d1   Thumb Code    94  dfix.o(x$fpl$dfix)
    __aeabi_i2d                              0x0000212f   Thumb Code     0  dflt_clz.o(x$fpl$dflt)
    _dflt                                    0x0000212f   Thumb Code    46  dflt_clz.o(x$fpl$dflt)
    __aeabi_cdcmple                          0x0000215d   Thumb Code     0  dleqf.o(x$fpl$dleqf)
    _dcmple                                  0x0000215d   Thumb Code   120  dleqf.o(x$fpl$dleqf)
    __fpl_dcmple_InfNaN                      0x000021bf   Thumb Code     0  dleqf.o(x$fpl$dleqf)
    __aeabi_dmul                             0x000021d5   Thumb Code     0  dmul.o(x$fpl$dmul)
    _dmul                                    0x000021d5   Thumb Code   332  dmul.o(x$fpl$dmul)
    __fpl_dnaninf                            0x00002329   Thumb Code   156  dnaninf.o(x$fpl$dnaninf)
    __fpl_dretinf                            0x000023c5   Thumb Code    12  dretinf.o(x$fpl$dretinf)
    __aeabi_cdrcmple                         0x000023d1   Thumb Code     0  drleqf.o(x$fpl$drleqf)
    _drcmple                                 0x000023d1   Thumb Code   108  drleqf.o(x$fpl$drleqf)
    __aeabi_drsub                            0x0000243d   Thumb Code     0  daddsub_clz.o(x$fpl$drsb)
    _drsb                                    0x0000243d   Thumb Code    22  daddsub_clz.o(x$fpl$drsb)
    _dsqrt                                   0x00002455   Thumb Code   404  dsqrt_umaal.o(x$fpl$dsqrt)
    __aeabi_dsub                             0x000025ed   Thumb Code     0  daddsub_clz.o(x$fpl$dsub)
    _dsub                                    0x000025ed   Thumb Code   464  daddsub_clz.o(x$fpl$dsub)
    __aeabi_f2d                              0x000027c1   Thumb Code     0  f2d.o(x$fpl$f2d)
    _f2d                                     0x000027c1   Thumb Code    86  f2d.o(x$fpl$f2d)
    __fpl_fnaninf                            0x00002817   Thumb Code   140  fnaninf.o(x$fpl$fnaninf)
    _fp_init                                 0x000028a3   Thumb Code    10  fpinit.o(x$fpl$fpinit)
    __fplib_config_fpu_vfp                   0x000028ab   Thumb Code     0  fpinit.o(x$fpl$fpinit)
    __fplib_config_pureend_doubles           0x000028ab   Thumb Code     0  fpinit.o(x$fpl$fpinit)
    __fpl_fretinf                            0x000028ad   Thumb Code    10  fretinf.o(x$fpl$fretinf)
    __fpl_return_NaN                         0x000028b7   Thumb Code   100  retnan.o(x$fpl$retnan)
    __ARM_scalbn                             0x0000291b   Thumb Code    92  scalbn.o(x$fpl$scalbn)
    __fpl_cmpreturn                          0x00002977   Thumb Code    48  trapv.o(x$fpl$trapveneer)
    __I$use$fp                               0x000029a6   Number         0  usenofp.o(x$fpl$usenofp)
    __mathlib_zero                           0x00002a30   Data           8  qnan.o(.constdata)
    Region$$Table$$Base                      0x00002a38   Number         0  anon$$obj.o(Region$$Table)
    Region$$Table$$Limit                     0x00002a48   Number         0  anon$$obj.o(Region$$Table)
    __ctype                                  0x00002a55   Data           0  lc_ctype_c.o(locale$$data)
    __libspace_start                         0x20000000   Data          96  libspace.o(.bss)
    __temporary_stack_top$libspace           0x20000060   Data           0  libspace.o(.bss)



==============================================================================

Memory Map of the image

  Image Entry point : 0x000001e9

  Load Region LR_1 (Base: 0x00000000, Size: 0x00002b58, Max: 0xffffffff, ABSOLUTE)

    Execution Region ER_RO (Exec base: 0x00000000, Load base: 0x00000000, Size: 0x00002b58, Max: 0xffffffff, ABSOLUTE)

    Exec Addr    Load Addr    Size         Type   Attr      Idx    E Section Name        Object

    0x00000000   0x00000000   0x00000144   Data   RO          176    RESET               startup_msp432p401r_uvision.o
    0x00000144   0x00000144   0x00000008   Code   RO          263  * !!!main             c_w.l(__main.o)
    0x0000014c   0x0000014c   0x00000034   Code   RO          560    !!!scatter          c_w.l(__scatter.o)
    0x00000180   0x00000180   0x0000001c   Code   RO          562    !!handler_zi        c_w.l(__scatter_zi.o)
    0x0000019c   0x0000019c   0x00000000   Code   RO          254    .ARM.Collect$$_printf_percent$$00000000  c_w.l(_printf_percent.o)
    0x0000019c   0x0000019c   0x00000006   Code   RO          253    .ARM.Collect$$_printf_percent$$00000009  c_w.l(_printf_d.o)
    0x000001a2   0x000001a2   0x00000006   Code   RO          252    .ARM.Collect$$_printf_percent$$00000014  c_w.l(_printf_s.o)
    0x000001a8   0x000001a8   0x00000004   Code   RO          321    .ARM.Collect$$_printf_percent$$00000017  c_w.l(_printf_percent_end.o)
    0x000001ac   0x000001ac   0x00000002   Code   RO          425    .ARM.Collect$$libinit$$00000000  c_w.l(libinit.o)
    0x000001ae   0x000001ae   0x00000004   Code   RO          434    .ARM.Collect$$libinit$$00000001  c_w.l(libinit2.o)
    0x000001b2   0x000001b2   0x00000000   Code   RO          437    .ARM.Collect$$libinit$$00000004  c_w.l(libinit2.o)
    0x000001b2   0x000001b2   0x00000000   Code   RO          440    .ARM.Collect$$libinit$$0000000A  c_w.l(libinit2.o)
    0x000001b2   0x000001b2   0x00000000   Code   RO          442    .ARM.Collect$$libinit$$0000000C  c_w.l(libinit2.o)
    0x000001b2   0x000001b2   0x00000000   Code   RO          444    .ARM.Collect$$libinit$$0000000E  c_w.l(libinit2.o)
    0x000001b2   0x000001b2   0x00000006   Code   RO          445    .ARM.Collect$$libinit$$0000000F  c_w.l(libinit2.o)
    0x000001b8   0x000001b8   0x00000000   Code   RO          447    .ARM.Collect$$libinit$$00000011  c_w.l(libinit2.o)
    0x000001b8   0x000001b8   0x0000000c   Code   RO          448    .ARM.Collect$$libinit$$00000012  c_w.l(libinit2.o)
    0x000001c4   0x000001c4   0x00000000   Code   RO          449    .ARM.Collect$$libinit$$00000013  c_w.l(libinit2.o)
    0x000001c4   0x000001c4   0x00000000   Code   RO          451    .ARM.Collect$$libinit$$00000015  c_w.l(libinit2.o)
    0x000001c4   0x000001c4   0x00000000   Code   RO          453    .ARM.Collect$$libinit$$00000017  c_w.l(libinit2.o)
    0x000001c4   0x000001c4   0x00000000   Code   RO          455    .ARM.Collect$$libinit$$00000019  c_w.l(libinit2.o)
    0x000001c4   0x000001c4   0x00000000   Code   RO          457    .ARM.Collect$$libinit$$0000001B  c_w.l(libinit2.o)
    0x000001c4   0x000001c4   0x00000000   Code   RO          459    .ARM.Collect$$libinit$$0000001D  c_w.l(libinit2.o)
    0x000001c4   0x000001c4   0x00000000   Code   RO          461    .ARM.Collect$$libinit$$0000001F  c_w.l(libinit2.o)
    0x000001c4   0x000001c4   0x00000000   Code   RO          463    .ARM.Collect$$libinit$$00000021  c_w.l(libinit2.o)
    0x000001c4   0x000001c4   0x00000000   Code   RO          465    .ARM.Collect$$libinit$$00000023  c_w.l(libinit2.o)
    0x000001c4   0x000001c4   0x00000000   Code   RO          467    .ARM.Collect$$libinit$$00000025  c_w.l(libinit2.o)
    0x000001c4   0x000001c4   0x00000000   Code   RO          471    .ARM.Collect$$libinit$$0000002C  c_w.l(libinit2.o)
    0x000001c4   0x000001c4   0x00000000   Code   RO          473    .ARM.Collect$$libinit$$0000002E  c_w.l(libinit2.o)
    0x000001c4   0x000001c4   0x00000000   Code   RO          475    .ARM.Collect$$libinit$$00000030  c_w.l(libinit2.o)
    0x000001c4   0x000001c4   0x00000000   Code   RO          477    .ARM.Collect$$libinit$$00000032  c_w.l(libinit2.o)
    0x000001c4   0x000001c4   0x00000002   Code   RO          478    .ARM.Collect$$libinit$$00000033  c_w.l(libinit2.o)
    0x000001c6   0x000001c6   0x00000002   Code   RO          500    .ARM.Collect$$libshutdown$$00000000  c_w.l(libshutdown.o)
    0x000001c8   0x000001c8   0x00000000   Code   RO          513    .ARM.Collect$$libshutdown$$00000002  c_w.l(libshutdown2.o)
    0x000001c8   0x000001c8   0x00000000   Code   RO          515    .ARM.Collect$$libshutdown$$00000004  c_w.l(libshutdown2.o)
    0x000001c8   0x000001c8   0x00000000   Code   RO          518    .ARM.Collect$$libshutdown$$00000007  c_w.l(libshutdown2.o)
    0x000001c8   0x000001c8   0x00000000   Code   RO          521    .ARM.Collect$$libshutdown$$0000000A  c_w.l(libshutdown2.o)
    0x000001c8   0x000001c8   0x00000000   Code   RO          523    .ARM.Collect$$libshutdown$$0000000C  c_w.l(libshutdown2.o)
    0x000001c8   0x000001c8   0x00000000   Code   RO          526    .ARM.Collect$$libshutdown$$0000000F  c_w.l(libshutdown2.o)
    0x000001c8   0x000001c8   0x00000002   Code   RO          527    .ARM.Collect$$libshutdown$$00000010  c_w.l(libshutdown2.o)
    0x000001ca   0x000001ca   0x00000000   Code   RO          305    .ARM.Collect$$rtentry$$00000000  c_w.l(__rtentry.o)
    0x000001ca   0x000001ca   0x00000000   Code   RO          380    .ARM.Collect$$rtentry$$00000002  c_w.l(__rtentry2.o)
    0x000001ca   0x000001ca   0x00000006   Code   RO          392    .ARM.Collect$$rtentry$$00000004  c_w.l(__rtentry4.o)
    0x000001d0   0x000001d0   0x00000000   Code   RO          382    .ARM.Collect$$rtentry$$00000009  c_w.l(__rtentry2.o)
    0x000001d0   0x000001d0   0x00000004   Code   RO          383    .ARM.Collect$$rtentry$$0000000A  c_w.l(__rtentry2.o)
    0x000001d4   0x000001d4   0x00000000   Code   RO          385    .ARM.Collect$$rtentry$$0000000C  c_w.l(__rtentry2.o)
    0x000001d4   0x000001d4   0x00000008   Code   RO          386    .ARM.Collect$$rtentry$$0000000D  c_w.l(__rtentry2.o)
    0x000001dc   0x000001dc   0x00000002   Code   RO          430    .ARM.Collect$$rtexit$$00000000  c_w.l(rtexit.o)
    0x000001de   0x000001de   0x00000000   Code   RO          482    .ARM.Collect$$rtexit$$00000002  c_w.l(rtexit2.o)
    0x000001de   0x000001de   0x00000004   Code   RO          483    .ARM.Collect$$rtexit$$00000003  c_w.l(rtexit2.o)
    0x000001e2   0x000001e2   0x00000006   Code   RO          484    .ARM.Collect$$rtexit$$00000004  c_w.l(rtexit2.o)
    0x000001e8   0x000001e8   0x0000003c   Code   RO          177  * .text               startup_msp432p401r_uvision.o
    0x00000224   0x00000224   0x00000028   Code   RO          224    .text               c_w.l(noretval__2sprintf.o)
    0x0000024c   0x0000024c   0x00000068   Code   RO          226    .text               c_w.l(__printf.o)
    0x000002b4   0x000002b4   0x00000052   Code   RO          228    .text               c_w.l(_printf_str.o)
    0x00000306   0x00000306   0x00000002   PAD
    0x00000308   0x00000308   0x00000078   Code   RO          230    .text               c_w.l(_printf_dec.o)
    0x00000380   0x00000380   0x0000001a   Code   RO          255    .text               c_w.l(atoi.o)
    0x0000039a   0x0000039a   0x0000008a   Code   RO          257    .text               c_w.l(rt_memcpy_v6.o)
    0x00000424   0x00000424   0x00000064   Code   RO          259    .text               c_w.l(rt_memcpy_w.o)
    0x00000488   0x00000488   0x00000006   Code   RO          261    .text               c_w.l(heapauxi.o)
    0x0000048e   0x0000048e   0x00000002   PAD
    0x00000490   0x00000490   0x00000008   Code   RO          309    .text               c_w.l(rt_errno_addr_intlibspace.o)
    0x00000498   0x00000498   0x00000016   Code   RO          311    .text               c_w.l(_rserrno.o)
    0x000004ae   0x000004ae   0x000000b2   Code   RO          313    .text               c_w.l(_printf_intcommon.o)
    0x00000560   0x00000560   0x00000030   Code   RO          315    .text               c_w.l(_printf_char_common.o)
    0x00000590   0x00000590   0x0000000a   Code   RO          317    .text               c_w.l(_sputc.o)
    0x0000059a   0x0000059a   0x0000002c   Code   RO          319    .text               c_w.l(_printf_char.o)
    0x000005c6   0x000005c6   0x00000070   Code   RO          322    .text               c_w.l(strtol.o)
    0x00000636   0x00000636   0x00000002   PAD
    0x00000638   0x00000638   0x00000008   Code   RO          376    .text               c_w.l(libspace.o)
    0x00000640   0x00000640   0x00000010   Code   RO          394    .text               c_w.l(rt_ctype_table.o)
    0x00000650   0x00000650   0x0000009e   Code   RO          398    .text               c_w.l(_strtoul.o)
    0x000006ee   0x000006ee   0x0000004a   Code   RO          406    .text               c_w.l(sys_stackheap_outer.o)
    0x00000738   0x00000738   0x00000008   Code   RO          411    .text               c_w.l(rt_locale_intlibspace.o)
    0x00000740   0x00000740   0x0000001c   Code   RO          413    .text               c_w.l(_chval.o)
    0x0000075c   0x0000075c   0x00000012   Code   RO          418    .text               c_w.l(exit.o)
    0x0000076e   0x0000076e   0x00000002   PAD
    0x00000770   0x00000770   0x00000080   Code   RO          432    .text               c_w.l(strcmpv7m.o)
    0x000007f0   0x000007f0   0x0000000c   Code   RO          492    .text               c_w.l(sys_exit.o)
    0x000007fc   0x000007fc   0x00000002   Code   RO          503    .text               c_w.l(use_no_semi.o)
    0x000007fe   0x000007fe   0x00000000   Code   RO          505    .text               c_w.l(indicate_semi.o)
    0x000007fe   0x000007fe   0x00000002   PAD
    0x00000800   0x00000800   0x00000058   Code   RO          147    i.ADCInit           adcdatabase.o
    0x00000858   0x00000858   0x00000028   Code   RO          148    i.ADCRead           adcdatabase.o
    0x00000880   0x00000880   0x000000e0   Code   RO           79    i.Init              projectmain.o
    0x00000960   0x00000960   0x0000006c   Code   RO          185    i.SystemInit        system_msp432p401r.o
    0x000009cc   0x000009cc   0x00000204   Code   RO           80    i.TempReader        projectmain.o
    0x00000bd0   0x00000bd0   0x00000030   Code   RO          359    i.__ARM_fpclassify  m_wm.l(fpclassify.o)
    0x00000c00   0x00000c00   0x00000c50   Code   RO          291    i.__hardfp_pow      m_wm.l(pow.o)
    0x00001850   0x00001850   0x000000f8   Code   RO          361    i.__kernel_poly     m_wm.l(poly.o)
    0x00001948   0x00001948   0x00000030   Code   RO          339    i.__mathlib_dbl_divzero  m_wm.l(dunder.o)
    0x00001978   0x00001978   0x00000014   Code   RO          341    i.__mathlib_dbl_infnan2  m_wm.l(dunder.o)
    0x0000198c   0x0000198c   0x00000004   PAD
    0x00001990   0x00001990   0x00000020   Code   RO          342    i.__mathlib_dbl_invalid  m_wm.l(dunder.o)
    0x000019b0   0x000019b0   0x00000020   Code   RO          343    i.__mathlib_dbl_overflow  m_wm.l(dunder.o)
    0x000019d0   0x000019d0   0x00000020   Code   RO          345    i.__mathlib_dbl_underflow  m_wm.l(dunder.o)
    0x000019f0   0x000019f0   0x00000004   Code   RO           81    i.done              projectmain.o
    0x000019f4   0x000019f4   0x00000050   Code   RO           82    i.dprinter          projectmain.o
    0x00001a44   0x00001a44   0x00000018   Code   RO          355    i.fabs              m_wm.l(fabs.o)
    0x00001a5c   0x00001a5c   0x0000000c   Code   RO            4    i.main              thermostatproject.o
    0x00001a68   0x00001a68   0x000000a4   Code   RO           83    i.menu              projectmain.o
    0x00001b0c   0x00001b0c   0x0000006e   Code   RO          366    i.sqrt              m_wm.l(sqrt.o)
    0x00001b7a   0x00001b7a   0x00000002   PAD
    0x00001b7c   0x00001b7c   0x00000084   Code   RO           85    i.typer             projectmain.o
    0x00001c00   0x00001c00   0x0000002c   Code   RO          416    locale$$code        c_w.l(lc_ctype_c.o)
    0x00001c2c   0x00001c2c   0x00000018   Code   RO          324    x$fpl$basic         fz_wm.l(basic.o)
    0x00001c44   0x00001c44   0x00000062   Code   RO          265    x$fpl$d2f           fz_wm.l(d2f.o)
    0x00001ca6   0x00001ca6   0x00000002   PAD
    0x00001ca8   0x00001ca8   0x00000150   Code   RO          267    x$fpl$dadd          fz_wm.l(daddsub_clz.o)
    0x00001df8   0x00001df8   0x00000010   Code   RO          400    x$fpl$dcheck1       fz_wm.l(dcheck1.o)
    0x00001e08   0x00001e08   0x00000018   Code   RO          426    x$fpl$dcmpinf       fz_wm.l(dcmpi.o)
    0x00001e20   0x00001e20   0x000002b0   Code   RO          274    x$fpl$ddiv          fz_wm.l(ddiv.o)
    0x000020d0   0x000020d0   0x0000005e   Code   RO          277    x$fpl$dfix          fz_wm.l(dfix.o)
    0x0000212e   0x0000212e   0x0000002e   Code   RO          282    x$fpl$dflt          fz_wm.l(dflt_clz.o)
    0x0000215c   0x0000215c   0x00000078   Code   RO          402    x$fpl$dleqf         fz_wm.l(dleqf.o)
    0x000021d4   0x000021d4   0x00000154   Code   RO          287    x$fpl$dmul          fz_wm.l(dmul.o)
    0x00002328   0x00002328   0x0000009c   Code   RO          326    x$fpl$dnaninf       fz_wm.l(dnaninf.o)
    0x000023c4   0x000023c4   0x0000000c   Code   RO          328    x$fpl$dretinf       fz_wm.l(dretinf.o)
    0x000023d0   0x000023d0   0x0000006c   Code   RO          330    x$fpl$drleqf        fz_wm.l(drleqf.o)
    0x0000243c   0x0000243c   0x00000016   Code   RO          268    x$fpl$drsb          fz_wm.l(daddsub_clz.o)
    0x00002452   0x00002452   0x00000002   PAD
    0x00002454   0x00002454   0x00000198   Code   RO          404    x$fpl$dsqrt         fz_wm.l(dsqrt_umaal.o)
    0x000025ec   0x000025ec   0x000001d4   Code   RO          269    x$fpl$dsub          fz_wm.l(daddsub_clz.o)
    0x000027c0   0x000027c0   0x00000056   Code   RO          289    x$fpl$f2d           fz_wm.l(f2d.o)
    0x00002816   0x00002816   0x0000008c   Code   RO          332    x$fpl$fnaninf       fz_wm.l(fnaninf.o)
    0x000028a2   0x000028a2   0x0000000a   Code   RO          490    x$fpl$fpinit        fz_wm.l(fpinit.o)
    0x000028ac   0x000028ac   0x0000000a   Code   RO          334    x$fpl$fretinf       fz_wm.l(fretinf.o)
    0x000028b6   0x000028b6   0x00000064   Code   RO          428    x$fpl$retnan        fz_wm.l(retnan.o)
    0x0000291a   0x0000291a   0x0000005c   Code   RO          336    x$fpl$scalbn        fz_wm.l(scalbn.o)
    0x00002976   0x00002976   0x00000030   Code   RO          479    x$fpl$trapveneer    fz_wm.l(trapv.o)
    0x000029a6   0x000029a6   0x00000000   Code   RO          338    x$fpl$usenofp       fz_wm.l(usenofp.o)
    0x000029a6   0x000029a6   0x00000002   PAD
    0x000029a8   0x000029a8   0x00000088   Data   RO          294    .constdata          m_wm.l(pow.o)
    0x00002a30   0x00002a30   0x00000008   Data   RO          363    .constdata          m_wm.l(qnan.o)
    0x00002a38   0x00002a38   0x00000010   Data   RO          558    Region$$Table       anon$$obj.o
    0x00002a48   0x00002a48   0x00000110   Data   RO          415    locale$$data        c_w.l(lc_ctype_c.o)


    Execution Region ER_RW (Exec base: 0x20000000, Load base: 0x00002b58, Size: 0x00000000, Max: 0xffffffff, ABSOLUTE)

    **** No section assigned to this execution region ****


    Execution Region ER_ZI (Exec base: 0x20000000, Load base: 0x00002b58, Size: 0x00000260, Max: 0xffffffff, ABSOLUTE)

    Exec Addr    Load Addr    Size         Type   Attr      Idx    E Section Name        Object

    0x20000000        -       0x00000060   Zero   RW          377    .bss                c_w.l(libspace.o)
    0x20000060        -       0x00000000   Zero   RW          175    HEAP                startup_msp432p401r_uvision.o
    0x20000060        -       0x00000200   Zero   RW          174    STACK               startup_msp432p401r_uvision.o


==============================================================================

Image component sizes


      Code (inc. data)   RO Data    RW Data    ZI Data      Debug   Object Name

       128         20          0          0          0        996   adcdatabase.o
      1120        272          0          0          0       4417   projectmain.o
        60         22        324          0        512        960   startup_msp432p401r_uvision.o
       108         22          0          0          0        565   system_msp432p401r.o
        12          0          0          0          0       2291   thermostatproject.o

    ----------------------------------------------------------------------
      1428        336        340          0        512       9229   Object Totals
         0          0         16          0          0          0   (incl. Generated)
         0          0          0          0          0          0   (incl. Padding)

    ----------------------------------------------------------------------

      Code (inc. data)   RO Data    RW Data    ZI Data      Debug   Library Member Name

         8          0          0          0          0         68   __main.o
       104          0          0          0          0         84   __printf.o
         0          0          0          0          0          0   __rtentry.o
        12          0          0          0          0          0   __rtentry2.o
         6          0          0          0          0          0   __rtentry4.o
        52          8          0          0          0          0   __scatter.o
        28          0          0          0          0          0   __scatter_zi.o
        28          0          0          0          0         68   _chval.o
        44          0          0          0          0        108   _printf_char.o
        48          6          0          0          0         96   _printf_char_common.o
         6          0          0          0          0          0   _printf_d.o
       120         16          0          0          0         92   _printf_dec.o
       178          0          0          0          0         88   _printf_intcommon.o
         0          0          0          0          0          0   _printf_percent.o
         4          0          0          0          0          0   _printf_percent_end.o
         6          0          0          0          0          0   _printf_s.o
        82          0          0          0          0         80   _printf_str.o
        22          0          0          0          0        100   _rserrno.o
        10          0          0          0          0         68   _sputc.o
       158          0          0          0          0         92   _strtoul.o
        26          0          0          0          0         80   atoi.o
        18          0          0          0          0         80   exit.o
         6          0          0          0          0        152   heapauxi.o
         0          0          0          0          0          0   indicate_semi.o
        44         10        272          0          0         76   lc_ctype_c.o
         2          0          0          0          0          0   libinit.o
        24          0          0          0          0          0   libinit2.o
         2          0          0          0          0          0   libshutdown.o
         2          0          0          0          0          0   libshutdown2.o
         8          4          0          0         96         68   libspace.o
        40          6          0          0          0         84   noretval__2sprintf.o
        16          4          0          0          0         76   rt_ctype_table.o
         8          4          0          0          0         68   rt_errno_addr_intlibspace.o
         8          4          0          0          0         68   rt_locale_intlibspace.o
       138          0          0          0          0         68   rt_memcpy_v6.o
       100          0          0          0          0         80   rt_memcpy_w.o
         2          0          0          0          0          0   rtexit.o
        10          0          0          0          0          0   rtexit2.o
       128          0          0          0          0         68   strcmpv7m.o
       112          0          0          0          0         88   strtol.o
        12          4          0          0          0         68   sys_exit.o
        74          0          0          0          0         80   sys_stackheap_outer.o
         2          0          0          0          0         68   use_no_semi.o
        24          0          0          0          0        164   basic.o
        98          4          0          0          0        140   d2f.o
       826         16          0          0          0        492   daddsub_clz.o
        16          4          0          0          0        116   dcheck1.o
        24          0          0          0          0        116   dcmpi.o
       688        140          0          0          0        256   ddiv.o
        94          4          0          0          0        140   dfix.o
        46          0          0          0          0        116   dflt_clz.o
       120          4          0          0          0        140   dleqf.o
       340         12          0          0          0        152   dmul.o
       156          4          0          0          0        140   dnaninf.o
        12          0          0          0          0        116   dretinf.o
       108          0          0          0          0        128   drleqf.o
       408         56          0          0          0        168   dsqrt_umaal.o
        86          4          0          0          0        132   f2d.o
       140          4          0          0          0        132   fnaninf.o
        10          0          0          0          0        116   fpinit.o
        10          0          0          0          0        116   fretinf.o
       100          0          0          0          0        116   retnan.o
        92          0          0          0          0        116   scalbn.o
        48          0          0          0          0        116   trapv.o
         0          0          0          0          0          0   usenofp.o
       164         44          0          0          0        620   dunder.o
        24          0          0          0          0        124   fabs.o
        48          0          0          0          0        124   fpclassify.o
       248          0          0          0          0        152   poly.o
      3152        296        136          0          0        352   pow.o
         0          0          8          0          0          0   qnan.o
       110          0          0          0          0        148   sqrt.o

    ----------------------------------------------------------------------
      8912        658        416          0         96       6964   Library Totals
        22          0          0          0          0          0   (incl. Padding)

    ----------------------------------------------------------------------

      Code (inc. data)   RO Data    RW Data    ZI Data      Debug   Library Name

      1698         66        272          0         96       2216   c_w.l
      3446        252          0          0          0       3228   fz_wm.l
      3746        340        144          0          0       1520   m_wm.l

    ----------------------------------------------------------------------
      8912        658        416          0         96       6964   Library Totals

    ----------------------------------------------------------------------

==============================================================================


      Code (inc. data)   RO Data    RW Data    ZI Data      Debug   

     10340        994        756          0        608      11229   Grand Totals
     10340        994        756          0        608      11229   ELF Image Totals
     10340        994        756          0          0          0   ROM Totals

==============================================================================

    Total RO  Size (Code + RO Data)                11096 (  10.84kB)
    Total RW  Size (RW Data + ZI Data)               608 (   0.59kB)
    Total ROM Size (Code + RO Data + RW Data)      11096 (  10.84kB)

==============================================================================

